Component: ARM Compiler 5.06 update 4 (build 422) Tool: armlink [4d35d2]

==============================================================================

Section Cross References

    main.o(i.assert_nrf_callback) refers to app_error.o(i.app_error_handler) for app_error_handler
    main.o(i.ble_evt_dispatch) refers to ble_conn_params.o(i.ble_conn_params_on_ble_evt) for ble_conn_params_on_ble_evt
    main.o(i.ble_evt_dispatch) refers to ble_nus.o(i.ble_nus_on_ble_evt) for ble_nus_on_ble_evt
    main.o(i.ble_evt_dispatch) refers to main.o(i.on_ble_evt) for on_ble_evt
    main.o(i.ble_evt_dispatch) refers to ble_advertising.o(i.ble_advertising_on_ble_evt) for ble_advertising_on_ble_evt
    main.o(i.ble_evt_dispatch) refers to bsp_btn_ble.o(i.bsp_btn_ble_on_ble_evt) for bsp_btn_ble_on_ble_evt
    main.o(i.ble_evt_dispatch) refers to main.o(.bss) for .bss
    main.o(i.bsp_event_handler) refers to ble_advertising.o(i.ble_advertising_start) for ble_advertising_start
    main.o(i.bsp_event_handler) refers to app_error.o(i.app_error_handler_bare) for app_error_handler_bare
    main.o(i.bsp_event_handler) refers to ble_advertising.o(i.ble_advertising_restart_without_whitelist) for ble_advertising_restart_without_whitelist
    main.o(i.bsp_event_handler) refers to main.o(.data) for .data
    main.o(i.conn_params_error_handler) refers to app_error.o(i.app_error_handler_bare) for app_error_handler_bare
    main.o(i.main) refers to app_timer.o(i.app_timer_init) for app_timer_init
    main.o(i.main) refers to app_error.o(i.app_error_handler_bare) for app_error_handler_bare
    main.o(i.main) refers to memcpya.o(.text) for __aeabi_memcpy4
    main.o(i.main) refers to app_uart_fifo.o(i.app_uart_init) for app_uart_init
    main.o(i.main) refers to softdevice_handler.o(i.softdevice_handler_init) for softdevice_handler_init
    main.o(i.main) refers to softdevice_handler.o(i.softdevice_enable_get_default_config) for softdevice_enable_get_default_config
    main.o(i.main) refers to softdevice_handler.o(i.softdevice_enable) for softdevice_enable
    main.o(i.main) refers to softdevice_handler.o(i.softdevice_ble_evt_handler_set) for softdevice_ble_evt_handler_set
    main.o(i.main) refers to ble_nus.o(i.ble_nus_init) for ble_nus_init
    main.o(i.main) refers to memseta.o(.text) for __aeabi_memclr4
    main.o(i.main) refers to ble_advertising.o(i.ble_advertising_init) for ble_advertising_init
    main.o(i.main) refers to ble_conn_params.o(i.ble_conn_params_init) for ble_conn_params_init
    main.o(i.main) refers to ble_advertising.o(i.ble_advertising_start) for ble_advertising_start
    main.o(i.main) refers to main.o(.bss) for .bss
    main.o(i.main) refers to main.o(.constdata) for .constdata
    main.o(i.main) refers to main.o(i.uart_event_handle) for uart_event_handle
    main.o(i.main) refers to main.o(i.ble_evt_dispatch) for ble_evt_dispatch
    main.o(i.main) refers to main.o(i.nus_data_handler) for nus_data_handler
    main.o(i.main) refers to main.o(.data) for .data
    main.o(i.main) refers to main.o(i.on_adv_evt) for on_adv_evt
    main.o(i.main) refers to main.o(i.on_conn_params_evt) for on_conn_params_evt
    main.o(i.main) refers to main.o(i.conn_params_error_handler) for conn_params_error_handler
    main.o(i.nus_data_handler) refers to main.o(i.nrf_gpio_pin_write) for nrf_gpio_pin_write
    main.o(i.nus_data_handler) refers to ble_nus.o(i.ble_nus_string_send) for ble_nus_string_send
    main.o(i.nus_data_handler) refers to app_uart_fifo.o(i.app_uart_put) for app_uart_put
    main.o(i.nus_data_handler) refers to main.o(.bss) for .bss
    main.o(i.on_adv_evt) refers to bsp.o(i.bsp_indication_set) for bsp_indication_set
    main.o(i.on_adv_evt) refers to app_error.o(i.app_error_handler_bare) for app_error_handler_bare
    main.o(i.on_adv_evt) refers to ble_advertising.o(i.ble_advertising_start) for ble_advertising_start
    main.o(i.on_ble_evt) refers to bsp.o(i.bsp_indication_set) for bsp_indication_set
    main.o(i.on_ble_evt) refers to app_error.o(i.app_error_handler_bare) for app_error_handler_bare
    main.o(i.on_ble_evt) refers to memcpya.o(.text) for __aeabi_memcpy
    main.o(i.on_ble_evt) refers to main.o(.data) for .data
    main.o(i.on_conn_params_evt) refers to app_error.o(i.app_error_handler_bare) for app_error_handler_bare
    main.o(i.on_conn_params_evt) refers to main.o(.data) for .data
    main.o(i.uart_event_handle) refers to app_error.o(i.app_error_handler_bare) for app_error_handler_bare
    main.o(i.uart_event_handle) refers to app_uart_fifo.o(i.app_uart_get) for app_uart_get
    main.o(i.uart_event_handle) refers to ble_nus.o(i.ble_nus_string_send) for ble_nus_string_send
    main.o(i.uart_event_handle) refers to main.o(.bss) for .bss
    main.o(i.uart_event_handle) refers to main.o(.data) for .data
    our_service.o(i.our_char_add) refers to app_error.o(i.app_error_handler_bare) for app_error_handler_bare
    our_service.o(i.our_char_add) refers to memseta.o(.text) for __aeabi_memclr4
[...]
    Removing ble_srv_common.o(i.ble_srv_ascii_to_utf8), (18 bytes).
    Removing ble_srv_common.o(i.ble_srv_is_indication_enabled), (14 bytes).
    Removing ble_srv_common.o(i.ble_srv_report_ref_encode), (12 bytes).
    Removing ble_srv_common.o(i.characteristic_add), (404 bytes).
    Removing ble_srv_common.o(i.descriptor_add), (176 bytes).
    Removing ble_srv_common.o(i.set_security_req), (46 bytes).
    Removing ble_nus.o(.rev16_text), (4 bytes).
    Removing ble_nus.o(.revsh_text), (4 bytes).
    Removing nrf_drv_clock.o(.rev16_text), (4 bytes).
    Removing nrf_drv_clock.o(.revsh_text), (4 bytes).
    Removing nrf_drv_clock.o(i.hfclk_stop), (44 bytes).
    Removing nrf_drv_clock.o(i.item_enqueue), (22 bytes).
    Removing nrf_drv_clock.o(i.lfclk_stop), (36 bytes).
    Removing nrf_drv_clock.o(i.nrf_clock_hf_is_running), (32 bytes).
    Removing nrf_drv_clock.o(i.nrf_drv_clock_calibration_abort), (4 bytes).
    Removing nrf_drv_clock.o(i.nrf_drv_clock_calibration_start), (4 bytes).
    Removing nrf_drv_clock.o(i.nrf_drv_clock_hfclk_is_running), (32 bytes).
    Removing nrf_drv_clock.o(i.nrf_drv_clock_hfclk_release), (48 bytes).
    Removing nrf_drv_clock.o(i.nrf_drv_clock_hfclk_request), (120 bytes).
    Removing nrf_drv_clock.o(i.nrf_drv_clock_init_check), (12 bytes).
    Removing nrf_drv_clock.o(i.nrf_drv_clock_is_calibrating), (4 bytes).
    Removing nrf_drv_clock.o(i.nrf_drv_clock_lfclk_is_running), (28 bytes).
    Removing nrf_drv_clock.o(i.nrf_drv_clock_lfclk_release), (48 bytes).
    Removing nrf_drv_clock.o(i.nrf_drv_clock_lfclk_request), (108 bytes).
    Removing nrf_drv_clock.o(i.nrf_drv_clock_on_sd_disable), (16 bytes).
    Removing nrf_drv_clock.o(i.nrf_drv_clock_uninit), (40 bytes).
    Removing nrf_drv_clock.o(.constdata), (19 bytes).
    Removing nrf_drv_clock.o(.constdata), (32 bytes).
    Removing nrf_drv_clock.o(.constdata), (32 bytes).
    Removing nrf_drv_clock.o(.constdata), (29 bytes).
    Removing nrf_drv_common.o(.rev16_text), (4 bytes).
    Removing nrf_drv_common.o(.revsh_text), (4 bytes).
    Removing nrf_drv_common.o(i.nrf_drv_common_clock_irq_disable), (12 bytes).
    Removing nrf_drv_gpiote.o(.rev16_text), (4 bytes).
    Removing nrf_drv_gpiote.o(.revsh_text), (4 bytes).
    Removing nrf_drv_gpiote.o(i.channel_free), (28 bytes).
    Removing nrf_drv_gpiote.o(i.channel_port_alloc), (72 bytes).
    Removing nrf_drv_gpiote.o(i.nrf_drv_gpiote_in_event_addr_get), (40 bytes).
    Removing nrf_drv_gpiote.o(i.nrf_drv_gpiote_in_event_disable), (72 bytes).
    Removing nrf_drv_gpiote.o(i.nrf_drv_gpiote_in_event_enable), (152 bytes).
    Removing nrf_drv_gpiote.o(i.nrf_drv_gpiote_in_init), (168 bytes).
    Removing nrf_drv_gpiote.o(i.nrf_drv_gpiote_in_is_set), (20 bytes).
    Removing nrf_drv_gpiote.o(i.nrf_drv_gpiote_in_uninit), (76 bytes).
    Removing nrf_drv_gpiote.o(i.nrf_drv_gpiote_init), (92 bytes).
    Removing nrf_drv_gpiote.o(i.nrf_drv_gpiote_is_init), (16 bytes).
    Removing nrf_drv_gpiote.o(i.nrf_drv_gpiote_out_clear), (16 bytes).
    Removing nrf_drv_gpiote.o(i.nrf_drv_gpiote_out_init), (152 bytes).
    Removing nrf_drv_gpiote.o(i.nrf_drv_gpiote_out_set), (16 bytes).
    Removing nrf_drv_gpiote.o(i.nrf_drv_gpiote_out_task_addr_get), (20 bytes).
    Removing nrf_drv_gpiote.o(i.nrf_drv_gpiote_out_task_disable), (32 bytes).
    Removing nrf_drv_gpiote.o(i.nrf_drv_gpiote_out_task_enable), (48 bytes).
    Removing nrf_drv_gpiote.o(i.nrf_drv_gpiote_out_task_force), (44 bytes).
    Removing nrf_drv_gpiote.o(i.nrf_drv_gpiote_out_task_trigger), (24 bytes).
    Removing nrf_drv_gpiote.o(i.nrf_drv_gpiote_out_toggle), (24 bytes).
    Removing nrf_drv_gpiote.o(i.nrf_drv_gpiote_out_uninit), (68 bytes).
    Removing nrf_drv_gpiote.o(i.nrf_drv_gpiote_uninit), (56 bytes).
    Removing nrf_drv_gpiote.o(i.nrf_gpio_cfg), (40 bytes).
    Removing nrf_drv_gpiote.o(i.nrf_gpio_cfg_default), (18 bytes).
    Removing nrf_drv_gpiote.o(i.pin_in_use_by_port), (24 bytes).
    Removing nrf_drv_gpiote.o(i.pin_in_use_by_te), (24 bytes).
    Removing nrf_drv_gpiote.o(.constdata), (20 bytes).
    Removing nrf_drv_gpiote.o(.constdata), (24 bytes).
    Removing nrf_drv_gpiote.o(.constdata), (23 bytes).
    Removing nrf_drv_uart.o(.rev16_text), (4 bytes).
    Removing nrf_drv_uart.o(.revsh_text), (4 bytes).
    Removing nrf_drv_uart.o(i.nrf_drv_uart_errorsrc_get), (24 bytes).
    Removing nrf_drv_uart.o(i.nrf_drv_uart_rx_abort), (22 bytes).
    Removing nrf_drv_uart.o(i.nrf_drv_uart_rx_disable), (28 bytes).
    Removing nrf_drv_uart.o(i.nrf_drv_uart_tx_abort), (48 bytes).
    Removing nrf_drv_uart.o(i.nrf_drv_uart_uninit), (152 bytes).
    Removing nrf_drv_uart.o(i.nrf_gpio_cfg_default), (18 bytes).
    Removing nrf_drv_uart.o(.constdata), (18 bytes).
    Removing nrf_drv_uart.o(.constdata), (25 bytes).
    Removing nrf_drv_uart.o(.constdata), (16 bytes).
    Removing nrf_drv_uart.o(.constdata), (25 bytes).
    Removing nrf_drv_uart.o(.constdata), (16 bytes).
    Removing app_button.o(.rev16_text), (4 bytes).
    Removing app_button.o(.revsh_text), (4 bytes).
    Removing app_button.o(i.app_button_disable), (44 bytes).
    Removing app_button.o(i.app_button_enable), (36 bytes).
    Removing app_button.o(i.app_button_init), (116 bytes).
    Removing app_button.o(i.app_button_is_pushed), (36 bytes).
    Removing app_button.o(i.detection_delay_timeout_handler), (96 bytes).
    Removing app_button.o(i.gpiote_event_handler), (80 bytes).
    Removing app_button.o(.bss), (32 bytes).
    Removing app_button.o(.constdata), (8 bytes).
    Removing app_button.o(.data), (20 bytes).
    Removing app_error.o(.rev16_text), (4 bytes).
    Removing app_error.o(.revsh_text), (4 bytes).
    Removing app_error.o(i.app_error_handler), (28 bytes).
    Removing app_error.o(i.app_error_save_and_stop), (100 bytes).
    Removing app_error.o(.bss), (32 bytes).
    Removing app_error_weak.o(.rev16_text), (4 bytes).
    Removing app_error_weak.o(.revsh_text), (4 bytes).
    Removing app_fifo.o(.rev16_text), (4 bytes).
    Removing app_fifo.o(.revsh_text), (4 bytes).
    Removing app_fifo.o(i.app_fifo_flush), (8 bytes).
    Removing app_fifo.o(i.app_fifo_peek), (34 bytes).
    Removing app_fifo.o(i.app_fifo_read), (72 bytes).
    Removing app_fifo.o(i.app_fifo_write), (78 bytes).
    Removing app_timer.o(.rev16_text), (4 bytes).
    Removing app_timer.o(.revsh_text), (4 bytes).
    Removing app_timer.o(i.app_timer_cnt_diff_compute), (12 bytes).
    Removing app_timer.o(i.app_timer_cnt_get), (12 bytes).
    Removing app_timer.o(i.app_timer_stop_all), (28 bytes).
    Removing app_uart_fifo.o(.rev16_text), (4 bytes).
    Removing app_uart_fifo.o(.revsh_text), (4 bytes).
    Removing app_uart_fifo.o(i.app_uart_close), (16 bytes).
    Removing app_uart_fifo.o(i.app_uart_flush), (28 bytes).
    Removing app_util_platform.o(.rev16_text), (4 bytes).
    Removing app_util_platform.o(.revsh_text), (4 bytes).
    Removing app_util_platform.o(i.app_util_disable_irq), (16 bytes).
    Removing app_util_platform.o(i.app_util_enable_irq), (20 bytes).
    Removing fstorage.o(.rev16_text), (4 bytes).
    Removing fstorage.o(.revsh_text), (4 bytes).
    Removing fstorage.o(i.check_config), (32 bytes).
    Removing fstorage.o(i.fs_erase), (124 bytes).
    Removing fstorage.o(i.fs_fake_init), (20 bytes).
    Removing fstorage.o(i.fs_init), (172 bytes).
    Removing fstorage.o(i.fs_queue_is_empty), (20 bytes).
    Removing fstorage.o(i.fs_queue_is_full), (20 bytes).
    Removing fstorage.o(i.fs_store), (132 bytes).
    Removing fstorage.o(i.fs_sys_event_handler), (104 bytes).
    Removing fstorage.o(i.on_operation_success), (84 bytes).
    Removing fstorage.o(i.queue_advance), (44 bytes).
    Removing fstorage.o(i.queue_get_next_free), (56 bytes).
    Removing fstorage.o(i.queue_process), (108 bytes).
    Removing fstorage.o(i.queue_start), (28 bytes).
    Removing fstorage.o(i.send_event), (72 bytes).
    Removing fstorage.o(.data), (2 bytes).
    Removing hardfault_implementation.o(.rev16_text), (4 bytes).
    Removing hardfault_implementation.o(.revsh_text), (4 bytes).
    Removing nrf_assert.o(.rev16_text), (4 bytes).
    Removing nrf_assert.o(.revsh_text), (4 bytes).
    Removing nrf_assert.o(i.assert_nrf_callback), (24 bytes).
    Removing retarget.o(.rev16_text), (4 bytes).
    Removing retarget.o(.revsh_text), (4 bytes).
    Removing retarget.o(i.fgetc), (18 bytes).
    Removing retarget.o(i.fputc), (14 bytes).
    Removing retarget.o(.data), (4 bytes).
    Removing retarget.o(.data), (4 bytes).
    Removing nrf_log_backend_serial.o(.rev16_text), (4 bytes).
    Removing nrf_log_backend_serial.o(.revsh_text), (4 bytes).
    Removing nrf_log_frontend.o(.rev16_text), (4 bytes).
    Removing nrf_log_frontend.o(.revsh_text), (4 bytes).
    Removing segger_rtt.o(.rev16_text), (4 bytes).
    Removing segger_rtt.o(.revsh_text), (4 bytes).
    Removing segger_rtt.o(i.SEGGER_RTT_ConfigDownBuffer), (92 bytes).
    Removing segger_rtt.o(i.SEGGER_RTT_ConfigUpBuffer), (92 bytes).
    Removing segger_rtt.o(i.SEGGER_RTT_GetKey), (28 bytes).
    Removing segger_rtt.o(i.SEGGER_RTT_HasData), (20 bytes).
    Removing segger_rtt.o(i.SEGGER_RTT_HasKey), (36 bytes).
    Removing segger_rtt.o(i.SEGGER_RTT_Init), (20 bytes).
    Removing segger_rtt.o(i.SEGGER_RTT_Read), (44 bytes).
    Removing segger_rtt.o(i.SEGGER_RTT_ReadNoLock), (128 bytes).
    Removing segger_rtt.o(i.SEGGER_RTT_SetNameDownBuffer), (68 bytes).
    Removing segger_rtt.o(i.SEGGER_RTT_SetNameUpBuffer), (68 bytes).
    Removing segger_rtt.o(i.SEGGER_RTT_SetTerminal), (132 bytes).
    Removing segger_rtt.o(i.SEGGER_RTT_TerminalOut), (176 bytes).
    Removing segger_rtt.o(i.SEGGER_RTT_WaitKey), (12 bytes).
    Removing segger_rtt.o(i.SEGGER_RTT_Write), (60 bytes).
    Removing segger_rtt.o(i.SEGGER_RTT_WriteNoLock), (92 bytes).
    Removing segger_rtt.o(i.SEGGER_RTT_WriteSkipNoLock), (108 bytes).
    Removing segger_rtt.o(i.SEGGER_RTT_WriteString), (24 bytes).
    Removing segger_rtt.o(i._DoInit), (104 bytes).
    Removing segger_rtt.o(i._GetAvailWriteSpace), (22 bytes).
    Removing segger_rtt.o(i._PostTerminalSwitch), (32 bytes).
    Removing segger_rtt.o(i._WriteBlocking), (96 bytes).
    Removing segger_rtt.o(i._WriteNoCheck), (60 bytes).
    Removing segger_rtt.o(.bss), (200 bytes).
    Removing segger_rtt.o(.data), (17 bytes).
    Removing softdevice_handler.o(.rev16_text), (4 bytes).
    Removing softdevice_handler.o(.revsh_text), (4 bytes).
    Removing softdevice_handler.o(i.sd_check_ram_start), (16 bytes).
    Removing softdevice_handler.o(i.softdevice_handler_is_suspended), (12 bytes).
    Removing softdevice_handler.o(i.softdevice_handler_resume), (68 bytes).
    Removing softdevice_handler.o(i.softdevice_handler_sd_disable), (24 bytes).
    Removing softdevice_handler.o(i.softdevice_handler_suspend), (68 bytes).
    Removing softdevice_handler.o(i.softdevice_sys_evt_handler_set), (20 bytes).
    Removing arm_startup_nrf51.o(HEAP), (2048 bytes).
    Removing system_nrf51.o(.rev16_text), (4 bytes).
    Removing system_nrf51.o(.revsh_text), (4 bytes).
    Removing system_nrf51.o(i.SystemCoreClockUpdate), (16 bytes).

238 unused section(s) (total 10810 bytes) removed from the image.

==============================================================================

Image Symbol Table

    Local Symbols

    Symbol Name                              Value     Ov Type        Size  Object(Section)

    ../clib/microlib/division.c              0x00000000   Number         0  uidiv.o ABSOLUTE
    ../clib/microlib/init/entry.s            0x00000000   Number         0  entry10b.o ABSOLUTE
    ../clib/microlib/init/entry.s            0x00000000   Number         0  entry11a.o ABSOLUTE
    ../clib/microlib/init/entry.s            0x00000000   Number         0  entry7a.o ABSOLUTE
    ../clib/microlib/init/entry.s            0x00000000   Number         0  entry11b.o ABSOLUTE
    ../clib/microlib/init/entry.s            0x00000000   Number         0  entry5.o ABSOLUTE
    ../clib/microlib/init/entry.s            0x00000000   Number         0  entry2.o ABSOLUTE
    ../clib/microlib/init/entry.s            0x00000000   Number         0  entry7b.o ABSOLUTE
    ../clib/microlib/init/entry.s            0x00000000   Number         0  entry8a.o ABSOLUTE
    ../clib/microlib/init/entry.s            0x00000000   Number         0  entry8b.o ABSOLUTE
    ../clib/microlib/init/entry.s            0x00000000   Number         0  entry.o ABSOLUTE
    ../clib/microlib/init/entry.s            0x00000000   Number         0  entry9a.o ABSOLUTE
    ../clib/microlib/init/entry.s            0x00000000   Number         0  entry9b.o ABSOLUTE
    ../clib/microlib/init/entry.s            0x00000000   Number         0  entry10a.o ABSOLUTE
    ../clib/microlib/string/memcpy.c         0x00000000   Number         0  memcpya.o ABSOLUTE
    ../clib/microlib/string/memcpy.c         0x00000000   Number         0  memcpyb.o ABSOLUTE
    ../clib/microlib/string/memset.c         0x00000000   Number         0  memseta.o ABSOLUTE
    ../clib/microlib/string/strcpy.c         0x00000000   Number         0  strcpy.o ABSOLUTE
    ../clib/microlib/string/strlen.c         0x00000000   Number         0  strlen.o ABSOLUTE
    ..\..\..\..\..\..\components\ble\ble_advertising\ble_advertising.c 0x00000000   Number         0  ble_advertising.o ABSOLUTE
    ..\..\..\..\..\..\components\ble\ble_services\ble_nus\ble_nus.c 0x00000000   Number         0  ble_nus.o ABSOLUTE
    ..\..\..\..\..\..\components\ble\common\ble_advdata.c 0x00000000   Number         0  ble_advdata.o ABSOLUTE
    ..\..\..\..\..\..\components\ble\common\ble_conn_params.c 0x00000000   Number         0  ble_conn_params.o ABSOLUTE
    ..\..\..\..\..\..\components\ble\common\ble_srv_common.c 0x00000000   Number         0  ble_srv_common.o ABSOLUTE
    ..\..\..\..\..\..\components\boards\boards.c 0x00000000   Number         0  boards.o ABSOLUTE
    ..\..\..\..\..\..\components\drivers_nrf\clock\nrf_drv_clock.c 0x00000000   Number         0  nrf_drv_clock.o ABSOLUTE
    ..\..\..\..\..\..\components\drivers_nrf\common\nrf_drv_common.c 0x00000000   Number         0  nrf_drv_common.o ABSOLUTE
    ..\..\..\..\..\..\components\drivers_nrf\gpiote\nrf_drv_gpiote.c 0x00000000   Number         0  nrf_drv_gpiote.o ABSOLUTE
    ..\..\..\..\..\..\components\drivers_nrf\uart\nrf_drv_uart.c 0x00000000   Number         0  nrf_drv_uart.o ABSOLUTE
    ..\..\..\..\..\..\components\libraries\bsp\bsp.c 0x00000000   Number         0  bsp.o ABSOLUTE
    ..\..\..\..\..\..\components\libraries\bsp\bsp_btn_ble.c 0x00000000   Number         0  bsp_btn_ble.o ABSOLUTE
    ..\..\..\..\..\..\components\libraries\bsp\bsp_nfc.c 0x00000000   Number         0  bsp_nfc.o ABSOLUTE
    ..\..\..\..\..\..\components\libraries\button\app_button.c 0x00000000   Number         0  app_button.o ABSOLUTE
    ..\..\..\..\..\..\components\libraries\fifo\app_fifo.c 0x00000000   Number         0  app_fifo.o ABSOLUTE
    ..\..\..\..\..\..\components\libraries\fstorage\fstorage.c 0x00000000   Number         0  fstorage.o ABSOLUTE
    ..\..\..\..\..\..\components\libraries\hardfault\hardfault_implementation.c 0x00000000   Number         0  hardfault_implementation.o ABSOLUTE
    ..\..\..\..\..\..\components\libraries\log\src\nrf_log_backend_serial.c 0x00000000   Number         0  nrf_log_backend_serial.o ABSOLUTE
    ..\..\..\..\..\..\components\libraries\log\src\nrf_log_frontend.c 0x00000000   Number         0  nrf_log_frontend.o ABSOLUTE
    ..\..\..\..\..\..\components\libraries\timer\app_timer.c 0x00000000   Number         0  app_timer.o ABSOLUTE
    ..\..\..\..\..\..\components\libraries\uart\app_uart_fifo.c 0x00000000   Number         0  app_uart_fifo.o ABSOLUTE
    ..\..\..\..\..\..\components\libraries\uart\retarget.c 0x00000000   Number         0  retarget.o ABSOLUTE
    ..\..\..\..\..\..\components\libraries\util\app_error.c 0x00000000   Number         0  app_error.o ABSOLUTE
    ..\..\..\..\..\..\components\libraries\util\app_error_weak.c 0x00000000   Number         0  app_error_weak.o ABSOLUTE
    ..\..\..\..\..\..\components\libraries\util\app_util_platform.c 0x00000000   Number         0  app_util_platform.o ABSOLUTE
    ..\..\..\..\..\..\components\libraries\util\nrf_assert.c 0x00000000   Number         0  nrf_assert.o ABSOLUTE
    ..\..\..\..\..\..\components\libraries\util\sdk_errors.c 0x00000000   Number         0  sdk_errors.o ABSOLUTE
    ..\..\..\..\..\..\components\softdevice\common\softdevice_handler\softdevice_handler.c 0x00000000   Number         0  softdevice_handler.o ABSOLUTE
    ..\..\..\..\..\..\external\segger_rtt\RTT_Syscalls_KEIL.c 0x00000000   Number         0  rtt_syscalls_keil.o ABSOLUTE
    ..\..\..\..\..\..\external\segger_rtt\SEGGER_RTT.c 0x00000000   Number         0  segger_rtt.o ABSOLUTE
    ..\..\..\..\..\..\external\segger_rtt\SEGGER_RTT_printf.c 0x00000000   Number         0  segger_rtt_printf.o ABSOLUTE
    ..\..\..\main.c                          0x00000000   Number         0  main.o ABSOLUTE
    ..\\..\\..\\..\\..\\..\\components\\ble\\ble_advertising\\ble_advertising.c 0x00000000   Number         0  ble_advertising.o ABSOLUTE
    ..\\..\\..\\..\\..\\..\\components\\ble\\ble_services\\ble_nus\\ble_nus.c 0x00000000   Number         0  ble_nus.o ABSOLUTE
    ..\\..\\..\\..\\..\\..\\components\\ble\\common\\ble_advdata.c 0x00000000   Number         0  ble_advdata.o ABSOLUTE
    ..\\..\\..\\..\\..\\..\\components\\ble\\common\\ble_conn_params.c 0x00000000   Number         0  ble_conn_params.o ABSOLUTE
    ..\\..\\..\\..\\..\\..\\components\\ble\\common\\ble_srv_common.c 0x00000000   Number         0  ble_srv_common.o ABSOLUTE
    ..\\..\\..\\..\\..\\..\\components\\boards\\boards.c 0x00000000   Number         0  boards.o ABSOLUTE
    ..\\..\\..\\..\\..\\..\\components\\drivers_nrf\\clock\\nrf_drv_clock.c 0x00000000   Number         0  nrf_drv_clock.o ABSOLUTE
    ..\\..\\..\\..\\..\\..\\components\\drivers_nrf\\common\\nrf_drv_common.c 0x00000000   Number         0  nrf_drv_common.o ABSOLUTE
    ..\\..\\..\\..\\..\\..\\components\\drivers_nrf\\gpiote\\nrf_drv_gpiote.c 0x00000000   Number         0  nrf_drv_gpiote.o ABSOLUTE
    ..\\..\\..\\..\\..\\..\\components\\drivers_nrf\\uart\\nrf_drv_uart.c 0x00000000   Number         0  nrf_drv_uart.o ABSOLUTE
    ..\\..\\..\\..\\..\\..\\components\\libraries\\bsp\\bsp.c 0x00000000   Number         0  bsp.o ABSOLUTE
    ..\\..\\..\\..\\..\\..\\components\\libraries\\bsp\\bsp_btn_ble.c 0x00000000   Number         0  bsp_btn_ble.o ABSOLUTE
    ..\\..\\..\\..\\..\\..\\components\\libraries\\bsp\\bsp_nfc.c 0x00000000   Number         0  bsp_nfc.o ABSOLUTE
    ..\\..\\..\\..\\..\\..\\components\\libraries\\button\\app_button.c 0x00000000   Number         0  app_button.o ABSOLUTE
    ..\\..\\..\\..\\..\\..\\components\\libraries\\fifo\\app_fifo.c 0x00000000   Number         0  app_fifo.o ABSOLUTE
    ..\\..\\..\\..\\..\\..\\components\\libraries\\fstorage\\fstorage.c 0x00000000   Number         0  fstorage.o ABSOLUTE
    ..\\..\\..\\..\\..\\..\\components\\libraries\\hardfault\\hardfault_implementation.c 0x00000000   Number         0  hardfault_implementation.o ABSOLUTE
    ..\\..\\..\\..\\..\\..\\components\\libraries\\log\\src\\nrf_log_backend_serial.c 0x00000000   Number         0  nrf_log_backend_serial.o ABSOLUTE
    ..\\..\\..\\..\\..\\..\\components\\libraries\\log\\src\\nrf_log_frontend.c 0x00000000   Number         0  nrf_log_frontend.o ABSOLUTE
    ..\\..\\..\\..\\..\\..\\components\\libraries\\timer\\app_timer.c 0x00000000   Number         0  app_timer.o ABSOLUTE
    ..\\..\\..\\..\\..\\..\\components\\libraries\\uart\\app_uart_fifo.c 0x00000000   Number         0  app_uart_fifo.o ABSOLUTE
    ..\\..\\..\\..\\..\\..\\components\\libraries\\uart\\retarget.c 0x00000000   Number         0  retarget.o ABSOLUTE
    ..\\..\\..\\..\\..\\..\\components\\libraries\\util\\app_error.c 0x00000000   Number         0  app_error.o ABSOLUTE
    ..\\..\\..\\..\\..\\..\\components\\libraries\\util\\app_error_weak.c 0x00000000   Number         0  app_error_weak.o ABSOLUTE
    ..\\..\\..\\..\\..\\..\\components\\libraries\\util\\app_util_platform.c 0x00000000   Number         0  app_util_platform.o ABSOLUTE
    ..\\..\\..\\..\\..\\..\\components\\libraries\\util\\nrf_assert.c 0x00000000   Number         0  nrf_assert.o ABSOLUTE
    ..\\..\\..\\..\\..\\..\\components\\softdevice\\common\\softdevice_handler\\softdevice_handler.c 0x00000000   Number         0  softdevice_handler.o ABSOLUTE
    ..\\..\\..\\..\\..\\..\\external\\segger_rtt\\SEGGER_RTT.c 0x00000000   Number         0  segger_rtt.o ABSOLUTE
    ..\\..\\..\\main.c                       0x00000000   Number         0  main.o ABSOLUTE
    RTE\Device\nRF51422_xxAC\arm_startup_nrf51.s 0x00000000   Number         0  arm_startup_nrf51.o ABSOLUTE
    RTE\Device\nRF51422_xxAC\system_nrf51.c  0x00000000   Number         0  system_nrf51.o ABSOLUTE
    RTE\\Device\\nRF51422_xxAC\\system_nrf51.c 0x00000000   Number         0  system_nrf51.o ABSOLUTE
    dc.s                                     0x00000000   Number         0  dc.o ABSOLUTE
    handlers.s                               0x00000000   Number         0  handlers.o ABSOLUTE
    init.s                                   0x00000000   Number         0  init.o ABSOLUTE
    our_service.c                            0x00000000   Number         0  our_service.o ABSOLUTE
    our_service.c                            0x00000000   Number         0  our_service.o ABSOLUTE
    RESET                                    0x0001b000   Section      192  arm_startup_nrf51.o(RESET)
    .ARM.Collect$$$$00000000                 0x0001b0c0   Section        0  entry.o(.ARM.Collect$$$$00000000)
    .ARM.Collect$$$$00000001                 0x0001b0c0   Section        4  entry2.o(.ARM.Collect$$$$00000001)
    .ARM.Collect$$$$00000004                 0x0001b0c4   Section        4  entry5.o(.ARM.Collect$$$$00000004)
    .ARM.Collect$$$$00000008                 0x0001b0c8   Section        0  entry7b.o(.ARM.Collect$$$$00000008)
    .ARM.Collect$$$$0000000A                 0x0001b0c8   Section        0  entry8b.o(.ARM.Collect$$$$0000000A)
    .ARM.Collect$$$$0000000B                 0x0001b0c8   Section        8  entry9a.o(.ARM.Collect$$$$0000000B)
    .ARM.Collect$$$$0000000D                 0x0001b0d0   Section        0  entry10a.o(.ARM.Collect$$$$0000000D)
    .ARM.Collect$$$$0000000F                 0x0001b0d0   Section        0  entry11a.o(.ARM.Collect$$$$0000000F)
    .ARM.Collect$$$$00002712                 0x0001b0d0   Section        4  entry2.o(.ARM.Collect$$$$00002712)
    __lit__00000000                          0x0001b0d0   Data           4  entry2.o(.ARM.Collect$$$$00002712)
    .text                                    0x0001b0d4   Section       56  arm_startup_nrf51.o(.text)
    .text                                    0x0001b10c   Section        0  uidiv.o(.text)
    .text                                    0x0001b138   Section        0  memcpya.o(.text)
    .text                                    0x0001b15c   Section        0  memseta.o(.text)
    .text                                    0x0001b180   Section       36  init.o(.text)
    i.GPIOTE_IRQHandler                      0x0001b1a4   Section        0  nrf_drv_gpiote.o(i.GPIOTE_IRQHandler)
    i.NVIC_SetPriority                       0x0001b31c   Section        0  app_timer.o(i.NVIC_SetPriority)
    NVIC_SetPriority                         0x0001b31d   Thumb Code    60  app_timer.o(i.NVIC_SetPriority)
    i.POWER_CLOCK_IRQHandler                 0x0001b360   Section        0  nrf_drv_clock.o(i.POWER_CLOCK_IRQHandler)
    i.RTC1_IRQHandler                        0x0001b3b4   Section        0  app_timer.o(i.RTC1_IRQHandler)
    i.SWI0_IRQHandler                        0x0001b3d4   Section        0  app_timer.o(i.SWI0_IRQHandler)
    i.SWI2_IRQHandler                        0x0001b3dc   Section        0  softdevice_handler.o(i.SWI2_IRQHandler)
    i.SystemInit                             0x0001b3fc   Section        0  system_nrf51.o(i.SystemInit)
    i.UART0_IRQHandler                       0x0001b49c   Section        0  nrf_drv_uart.o(i.UART0_IRQHandler)
    i.__ARM_common_switch8                   0x0001b4b0   Section        0  bsp.o(i.__ARM_common_switch8)
    i.__scatterload_copy                     0x0001b4ca   Section       14  handlers.o(i.__scatterload_copy)
    i.__scatterload_null                     0x0001b4d8   Section        2  handlers.o(i.__scatterload_null)
    i.__scatterload_zeroinit                 0x0001b4da   Section       14  handlers.o(i.__scatterload_zeroinit)
    i.__sd_nvic_app_accessible_irq           0x0001b4e8   Section        0  softdevice_handler.o(i.__sd_nvic_app_accessible_irq)
    __sd_nvic_app_accessible_irq             0x0001b4e9   Thumb Code    22  softdevice_handler.o(i.__sd_nvic_app_accessible_irq)
    i.adv_data_encode                        0x0001b504   Section        0  ble_advdata.o(i.adv_data_encode)
    i.adv_mode_next_avail_get                0x0001b694   Section        0  ble_advertising.o(i.adv_mode_next_avail_get)
    adv_mode_next_avail_get                  0x0001b695   Thumb Code    94  ble_advertising.o(i.adv_mode_next_avail_get)
    i.advertising_buttons_configure          0x0001b6fc   Section        0  bsp_btn_ble.o(i.advertising_buttons_configure)
    advertising_buttons_configure            0x0001b6fd   Thumb Code    60  bsp_btn_ble.o(i.advertising_buttons_configure)
    i.app_error_fault_handler                0x0001b738   Section        0  app_error_weak.o(i.app_error_fault_handler)
    i.app_error_handler_bare                 0x0001b754   Section        0  app_error.o(i.app_error_handler_bare)
    i.app_fifo_get                           0x0001b76c   Section        0  app_fifo.o(i.app_fifo_get)
    i.app_fifo_init                          0x0001b782   Section        0  app_fifo.o(i.app_fifo_init)
    i.app_fifo_put                           0x0001b7a6   Section        0  app_fifo.o(i.app_fifo_put)
    i.app_timer_create                       0x0001b7c0   Section        0  app_timer.o(i.app_timer_create)
    i.app_timer_init                         0x0001b7ec   Section        0  app_timer.o(i.app_timer_init)
    i.app_timer_start                        0x0001b860   Section        0  app_timer.o(i.app_timer_start)
    i.app_timer_stop                         0x0001b8e8   Section        0  app_timer.o(i.app_timer_stop)
    i.app_uart_get                           0x0001b910   Section        0  app_uart_fifo.o(i.app_uart_get)
    i.app_uart_init                          0x0001b948   Section        0  app_uart_fifo.o(i.app_uart_init)
    i.app_uart_put                           0x0001b9f8   Section        0  app_uart_fifo.o(i.app_uart_put)
    i.app_util_critical_region_enter         0x0001ba38   Section        0  app_util_platform.o(i.app_util_critical_region_enter)
    i.app_util_critical_region_exit          0x0001ba74   Section        0  app_util_platform.o(i.app_util_critical_region_exit)
    i.apply_config                           0x0001baa0   Section        0  nrf_drv_uart.o(i.apply_config)
    apply_config                             0x0001baa1   Thumb Code   128  nrf_drv_uart.o(i.apply_config)
    i.ble_advdata_set                        0x0001bb24   Section        0  ble_advdata.o(i.ble_advdata_set)
    i.ble_advertising_init                   0x0001bb8c   Section        0  ble_advertising.o(i.ble_advertising_init)
    i.ble_advertising_on_ble_evt             0x0001bce8   Section        0  ble_advertising.o(i.ble_advertising_on_ble_evt)
    i.ble_advertising_start                  0x0001bd40   Section        0  ble_advertising.o(i.ble_advertising_start)
    i.ble_conn_params_init                   0x0001be48   Section        0  ble_conn_params.o(i.ble_conn_params_init)
    i.ble_conn_params_on_ble_evt             0x0001be9c   Section        0  ble_conn_params.o(i.ble_conn_params_on_ble_evt)
    i.ble_device_addr_encode                 0x0001bf2c   Section        0  ble_advdata.o(i.ble_device_addr_encode)
    ble_device_addr_encode                   0x0001bf2d   Thumb Code    94  ble_advdata.o(i.ble_device_addr_encode)
    i.ble_evt_dispatch                       0x0001bf8c   Section        0  main.o(i.ble_evt_dispatch)
    ble_evt_dispatch                         0x0001bf8d   Thumb Code    36  main.o(i.ble_evt_dispatch)
    i.ble_nus_init                           0x0001bfb4   Section        0  ble_nus.o(i.ble_nus_init)
    i.ble_nus_on_ble_evt                     0x0001c01c   Section        0  ble_nus.o(i.ble_nus_on_ble_evt)
    i.ble_nus_string_send                    0x0001c078   Section        0  ble_nus.o(i.ble_nus_string_send)
    i.ble_srv_is_notification_enabled        0x0001c0cc   Section        0  ble_srv_common.o(i.ble_srv_is_notification_enabled)
    i.bsp_board_led_invert                   0x0001c0dc   Section        0  boards.o(i.bsp_board_led_invert)
    i.bsp_board_led_off                      0x0001c0fc   Section        0  boards.o(i.bsp_board_led_off)
    i.bsp_board_led_on                       0x0001c110   Section        0  boards.o(i.bsp_board_led_on)
    i.bsp_board_led_state_get                0x0001c124   Section        0  boards.o(i.bsp_board_led_state_get)
    i.bsp_board_leds_off                     0x0001c144   Section        0  boards.o(i.bsp_board_leds_off)
    i.bsp_board_leds_on                      0x0001c156   Section        0  boards.o(i.bsp_board_leds_on)
    i.bsp_board_pin_to_button_idx            0x0001c168   Section        0  boards.o(i.bsp_board_pin_to_button_idx)
    i.bsp_btn_ble_on_ble_evt                 0x0001c18c   Section        0  bsp_btn_ble.o(i.bsp_btn_ble_on_ble_evt)
    i.bsp_button_event_handler               0x0001c204   Section        0  bsp.o(i.bsp_button_event_handler)
    bsp_button_event_handler                 0x0001c205   Thumb Code   134  bsp.o(i.bsp_button_event_handler)
    i.bsp_event_to_button_action_assign      0x0001c298   Section        0  bsp.o(i.bsp_event_to_button_action_assign)
    i.bsp_indication_set                     0x0001c2e0   Section        0  bsp.o(i.bsp_indication_set)
    i.bsp_led_indication                     0x0001c2fc   Section        0  bsp.o(i.bsp_led_indication)
    bsp_led_indication                       0x0001c2fd   Thumb Code   376  bsp.o(i.bsp_led_indication)
    i.channel_port_get                       0x0001c47c   Section        0  nrf_drv_gpiote.o(i.channel_port_get)
    channel_port_get                         0x0001c47d   Thumb Code    10  nrf_drv_gpiote.o(i.channel_port_get)
    i.clock_clk_started_notify               0x0001c48c   Section        0  nrf_drv_clock.o(i.clock_clk_started_notify)
    clock_clk_started_notify                 0x0001c48d   Thumb Code    34  nrf_drv_clock.o(i.clock_clk_started_notify)
    i.compare_reg_update                     0x0001c4b4   Section        0  app_timer.o(i.compare_reg_update)
    compare_reg_update                       0x0001c4b5   Thumb Code   142  app_timer.o(i.compare_reg_update)
    i.conn_int_encode                        0x0001c55c   Section        0  ble_advdata.o(i.conn_int_encode)
    conn_int_encode                          0x0001c55d   Thumb Code   130  ble_advdata.o(i.conn_int_encode)
    i.conn_params_error_handler              0x0001c5e4   Section        0  main.o(i.conn_params_error_handler)
    conn_params_error_handler                0x0001c5e5   Thumb Code     8  main.o(i.conn_params_error_handler)
    i.conn_params_negotiation                0x0001c5ec   Section        0  ble_conn_params.o(i.conn_params_negotiation)
    conn_params_negotiation                  0x0001c5ed   Thumb Code    92  ble_conn_params.o(i.conn_params_negotiation)
    i.elapsed_ticks_acquire                  0x0001c654   Section        0  app_timer.o(i.elapsed_ticks_acquire)
    elapsed_ticks_acquire                    0x0001c655   Thumb Code    58  app_timer.o(i.elapsed_ticks_acquire)
    i.fifo_get                               0x0001c694   Section        0  app_fifo.o(i.fifo_get)
    fifo_get                                 0x0001c695   Thumb Code    20  app_fifo.o(i.fifo_get)
    i.fifo_put                               0x0001c6a8   Section        0  app_fifo.o(i.fifo_put)
    fifo_put                                 0x0001c6a9   Thumb Code    18  app_fifo.o(i.fifo_put)
    i.fs_queued_op_count_get                 0x0001c6bc   Section        0  fstorage.o(i.fs_queued_op_count_get)
    i.intern_softdevice_events_execute       0x0001c6d4   Section        0  softdevice_handler.o(i.intern_softdevice_events_execute)
    i.is_conn_params_ok                      0x0001c754   Section        0  ble_conn_params.o(i.is_conn_params_ok)
    is_conn_params_ok                        0x0001c755   Thumb Code    24  ble_conn_params.o(i.is_conn_params_ok)
    i.is_manual_peripheral_setup_needed      0x0001c770   Section        0  system_nrf51.o(i.is_manual_peripheral_setup_needed)
    is_manual_peripheral_setup_needed        0x0001c771   Thumb Code    66  system_nrf51.o(i.is_manual_peripheral_setup_needed)
    i.list_deletions_handler                 0x0001c7b8   Section        0  app_timer.o(i.list_deletions_handler)
    list_deletions_handler                   0x0001c7b9   Thumb Code   162  app_timer.o(i.list_deletions_handler)
    i.list_insertions_handler                0x0001c864   Section        0  app_timer.o(i.list_insertions_handler)
    list_insertions_handler                  0x0001c865   Thumb Code   178  app_timer.o(i.list_insertions_handler)
    i.main                                   0x0001c920   Section        0  main.o(i.main)
    i.manuf_specific_data_encode             0x0001cad0   Section        0  ble_advdata.o(i.manuf_specific_data_encode)
    manuf_specific_data_encode               0x0001cad1   Thumb Code   104  ble_advdata.o(i.manuf_specific_data_encode)
    i.name_encode                            0x0001cb38   Section        0  ble_advdata.o(i.name_encode)
    name_encode                              0x0001cb39   Thumb Code   158  ble_advdata.o(i.name_encode)
    i.nrf_bitmask_bit_is_set                 0x0001cbd6   Section        0  nrf_drv_gpiote.o(i.nrf_bitmask_bit_is_set)
    nrf_bitmask_bit_is_set                   0x0001cbd7   Thumb Code    16  nrf_drv_gpiote.o(i.nrf_bitmask_bit_is_set)
    i.nrf_clock_event_check                  0x0001cbe6   Section        0  nrf_drv_clock.o(i.nrf_clock_event_check)
    nrf_clock_event_check                    0x0001cbe7   Thumb Code    16  nrf_drv_clock.o(i.nrf_clock_event_check)
    i.nrf_delay_us                           0x0001cbf8   Section        0  app_timer.o(i.nrf_delay_us)
    nrf_delay_us                             0x0001cbf9   Thumb Code    38  app_timer.o(i.nrf_delay_us)
    i.nrf_drv_clock_init                     0x0001cc28   Section        0  nrf_drv_clock.o(i.nrf_drv_clock_init)
    i.nrf_drv_clock_on_sd_enable             0x0001cc70   Section        0  nrf_drv_clock.o(i.nrf_drv_clock_on_sd_enable)
    i.nrf_drv_clock_on_soc_event             0x0001cca4   Section        0  nrf_drv_clock.o(i.nrf_drv_clock_on_soc_event)
    i.nrf_drv_common_irq_enable              0x0001ccb0   Section        0  nrf_drv_common.o(i.nrf_drv_common_irq_enable)
    i.nrf_drv_uart_init                      0x0001cd10   Section        0  nrf_drv_uart.o(i.nrf_drv_uart_init)
    i.nrf_drv_uart_rx                        0x0001cd90   Section        0  nrf_drv_uart.o(i.nrf_drv_uart_rx)
    i.nrf_drv_uart_rx_enable                 0x0001cdec   Section        0  nrf_drv_uart.o(i.nrf_drv_uart_rx_enable)
    i.nrf_drv_uart_rx_for_uart               0x0001ce18   Section        0  nrf_drv_uart.o(i.nrf_drv_uart_rx_for_uart)
    nrf_drv_uart_rx_for_uart                 0x0001ce19   Thumb Code   164  nrf_drv_uart.o(i.nrf_drv_uart_rx_for_uart)
    i.nrf_drv_uart_tx                        0x0001cec0   Section        0  nrf_drv_uart.o(i.nrf_drv_uart_tx)
    i.nrf_drv_uart_tx_for_uart               0x0001cef4   Section        0  nrf_drv_uart.o(i.nrf_drv_uart_tx_for_uart)
    nrf_drv_uart_tx_for_uart                 0x0001cef5   Thumb Code   134  nrf_drv_uart.o(i.nrf_drv_uart_tx_for_uart)
    i.nrf_drv_uart_tx_in_progress            0x0001cf80   Section        0  nrf_drv_uart.o(i.nrf_drv_uart_tx_in_progress)
    i.nrf_gpio_cfg                           0x0001cf98   Section        0  nrf_drv_uart.o(i.nrf_gpio_cfg)
    nrf_gpio_cfg                             0x0001cf99   Thumb Code    40  nrf_drv_uart.o(i.nrf_gpio_cfg)
    i.nrf_gpio_cfg_input                     0x0001cfc0   Section        0  nrf_drv_uart.o(i.nrf_gpio_cfg_input)
    nrf_gpio_cfg_input                       0x0001cfc1   Thumb Code    18  nrf_drv_uart.o(i.nrf_gpio_cfg_input)
    i.nrf_gpio_cfg_output                    0x0001cfd2   Section        0  nrf_drv_uart.o(i.nrf_gpio_cfg_output)
    nrf_gpio_cfg_output                      0x0001cfd3   Thumb Code    20  nrf_drv_uart.o(i.nrf_gpio_cfg_output)
    i.nrf_gpio_cfg_sense_set                 0x0001cfe6   Section        0  nrf_drv_gpiote.o(i.nrf_gpio_cfg_sense_set)
    nrf_gpio_cfg_sense_set                   0x0001cfe7   Thumb Code    34  nrf_drv_gpiote.o(i.nrf_gpio_cfg_sense_set)
    i.nrf_gpio_pin_write                     0x0001d008   Section        0  main.o(i.nrf_gpio_pin_write)
    nrf_gpio_pin_write                       0x0001d009   Thumb Code    18  main.o(i.nrf_gpio_pin_write)
    i.nrf_gpio_pin_write                     0x0001d020   Section        0  boards.o(i.nrf_gpio_pin_write)
    nrf_gpio_pin_write                       0x0001d021   Thumb Code    18  boards.o(i.nrf_gpio_pin_write)
    i.nrf_gpio_ports_read                    0x0001d038   Section        0  nrf_drv_gpiote.o(i.nrf_gpio_ports_read)
    nrf_gpio_ports_read                      0x0001d039   Thumb Code    36  nrf_drv_gpiote.o(i.nrf_gpio_ports_read)
    i.nrf_gpiote_event_clear                 0x0001d060   Section        0  nrf_drv_gpiote.o(i.nrf_gpiote_event_clear)
    nrf_gpiote_event_clear                   0x0001d061   Thumb Code    10  nrf_drv_gpiote.o(i.nrf_gpiote_event_clear)
    i.nrf_gpiote_event_is_set                0x0001d070   Section        0  nrf_drv_gpiote.o(i.nrf_gpiote_event_is_set)
    nrf_gpiote_event_is_set                  0x0001d071   Thumb Code    14  nrf_drv_gpiote.o(i.nrf_gpiote_event_is_set)
    i.nrf_uart_event_check                   0x0001d084   Section        0  nrf_drv_uart.o(i.nrf_uart_event_check)
    nrf_uart_event_check                     0x0001d085   Thumb Code    10  nrf_drv_uart.o(i.nrf_uart_event_check)
    i.nrf_uart_int_enable_check              0x0001d08e   Section        0  nrf_drv_uart.o(i.nrf_uart_int_enable_check)
    nrf_uart_int_enable_check                0x0001d08f   Thumb Code    16  nrf_drv_uart.o(i.nrf_uart_int_enable_check)
    i.nus_data_handler                       0x0001d0a0   Section        0  main.o(i.nus_data_handler)
    nus_data_handler                         0x0001d0a1   Thumb Code    98  main.o(i.nus_data_handler)
    i.on_adv_evt                             0x0001d124   Section        0  main.o(i.on_adv_evt)
    on_adv_evt                               0x0001d125   Thumb Code    34  main.o(i.on_adv_evt)
    i.on_ble_evt                             0x0001d148   Section        0  main.o(i.on_ble_evt)
    on_ble_evt                               0x0001d149   Thumb Code   204  main.o(i.on_ble_evt)
    i.on_conn_params_evt                     0x0001d218   Section        0  main.o(i.on_conn_params_evt)
    on_conn_params_evt                       0x0001d219   Thumb Code    26  main.o(i.on_conn_params_evt)
    i.rtc1_stop                              0x0001d238   Section        0  app_timer.o(i.rtc1_stop)
    rtc1_stop                                0x0001d239   Thumb Code    50  app_timer.o(i.rtc1_stop)
    i.rx_byte                                0x0001d27c   Section        0  nrf_drv_uart.o(i.rx_byte)
    rx_byte                                  0x0001d27d   Thumb Code    38  nrf_drv_uart.o(i.rx_byte)
    i.rx_char_add                            0x0001d2a2   Section        0  ble_nus.o(i.rx_char_add)
    rx_char_add                              0x0001d2a3   Thumb Code   158  ble_nus.o(i.rx_char_add)
    i.rx_done_event                          0x0001d340   Section        0  nrf_drv_uart.o(i.rx_done_event)
    rx_done_event                            0x0001d341   Thumb Code    20  nrf_drv_uart.o(i.rx_done_event)
    i.rx_enable                              0x0001d354   Section        0  nrf_drv_uart.o(i.rx_enable)
    rx_enable                                0x0001d355   Thumb Code    26  nrf_drv_uart.o(i.rx_enable)
    i.sd_nvic_EnableIRQ                      0x0001d370   Section        0  softdevice_handler.o(i.sd_nvic_EnableIRQ)
    sd_nvic_EnableIRQ                        0x0001d371   Thumb Code   112  softdevice_handler.o(i.sd_nvic_EnableIRQ)
    i.service_data_encode                    0x0001d3f4   Section        0  ble_advdata.o(i.service_data_encode)
    service_data_encode                      0x0001d3f5   Thumb Code   142  ble_advdata.o(i.service_data_encode)
    i.set_adv_mode_fast                      0x0001d484   Section        0  ble_advertising.o(i.set_adv_mode_fast)
    set_adv_mode_fast                        0x0001d485   Thumb Code    80  ble_advertising.o(i.set_adv_mode_fast)
    i.set_adv_mode_slow                      0x0001d4dc   Section        0  ble_advertising.o(i.set_adv_mode_slow)
    set_adv_mode_slow                        0x0001d4dd   Thumb Code    76  ble_advertising.o(i.set_adv_mode_slow)
    i.softdevice_ble_evt_handler_set         0x0001d530   Section        0  softdevice_handler.o(i.softdevice_ble_evt_handler_set)
    i.softdevice_enable                      0x0001d544   Section        0  softdevice_handler.o(i.softdevice_enable)
    i.softdevice_enable_get_default_config   0x0001d558   Section        0  softdevice_handler.o(i.softdevice_enable_get_default_config)
    i.softdevice_fault_handler               0x0001d580   Section        0  softdevice_handler.o(i.softdevice_fault_handler)
    i.softdevice_handler_init                0x0001d588   Section        0  softdevice_handler.o(i.softdevice_handler_init)
    i.softdevice_handler_is_enabled          0x0001d5e0   Section        0  softdevice_handler.o(i.softdevice_handler_is_enabled)
    i.timer_list_handler                     0x0001d5ec   Section        0  app_timer.o(i.timer_list_handler)
    timer_list_handler                       0x0001d5ed   Thumb Code   128  app_timer.o(i.timer_list_handler)
    i.timer_list_handler_sched               0x0001d670   Section        0  app_timer.o(i.timer_list_handler_sched)
    timer_list_handler_sched                 0x0001d671   Thumb Code    10  app_timer.o(i.timer_list_handler_sched)
    i.timer_list_insert                      0x0001d680   Section        0  app_timer.o(i.timer_list_insert)
    timer_list_insert                        0x0001d681   Thumb Code    60  app_timer.o(i.timer_list_insert)
    i.timer_stop_op_schedule                 0x0001d6c0   Section        0  app_timer.o(i.timer_stop_op_schedule)
    timer_stop_op_schedule                   0x0001d6c1   Thumb Code    68  app_timer.o(i.timer_stop_op_schedule)
    i.timer_timeouts_check                   0x0001d708   Section        0  app_timer.o(i.timer_timeouts_check)
    timer_timeouts_check                     0x0001d709   Thumb Code   118  app_timer.o(i.timer_timeouts_check)
    i.tx_byte                                0x0001d788   Section        0  nrf_drv_uart.o(i.tx_byte)
    tx_byte                                  0x0001d789   Thumb Code    30  nrf_drv_uart.o(i.tx_byte)
    i.tx_char_add                            0x0001d7a6   Section        0  ble_nus.o(i.tx_char_add)
    tx_char_add                              0x0001d7a7   Thumb Code   128  ble_nus.o(i.tx_char_add)
    i.tx_done_event                          0x0001d826   Section        0  nrf_drv_uart.o(i.tx_done_event)
    tx_done_event                            0x0001d827   Thumb Code    24  nrf_drv_uart.o(i.tx_done_event)
    i.uart_event_handle                      0x0001d840   Section        0  main.o(i.uart_event_handle)
    i.uart_event_handler                     0x0001d8a0   Section        0  app_uart_fifo.o(i.uart_event_handler)
    uart_event_handler                       0x0001d8a1   Thumb Code   158  app_uart_fifo.o(i.uart_event_handler)
    i.uart_irq_handler                       0x0001d948   Section        0  nrf_drv_uart.o(i.uart_irq_handler)
    uart_irq_handler                         0x0001d949   Thumb Code   296  nrf_drv_uart.o(i.uart_irq_handler)
    i.uint16_encode                          0x0001da70   Section        0  ble_advdata.o(i.uint16_encode)
    uint16_encode                            0x0001da71   Thumb Code    10  ble_advdata.o(i.uint16_encode)
    i.update_timeout_handler                 0x0001da7c   Section        0  ble_conn_params.o(i.update_timeout_handler)
    update_timeout_handler                   0x0001da7d   Thumb Code    86  ble_conn_params.o(i.update_timeout_handler)
    i.user_op_alloc                          0x0001dae0   Section        0  app_timer.o(i.user_op_alloc)
    user_op_alloc                            0x0001dae1   Thumb Code    40  app_timer.o(i.user_op_alloc)
    i.uuid_list_encode                       0x0001db0c   Section        0  ble_advdata.o(i.uuid_list_encode)
    uuid_list_encode                         0x0001db0d   Thumb Code    48  ble_advdata.o(i.uuid_list_encode)
    i.uuid_list_sized_encode                 0x0001db3c   Section        0  ble_advdata.o(i.uuid_list_sized_encode)
    uuid_list_sized_encode                   0x0001db3d   Thumb Code   174  ble_advdata.o(i.uuid_list_sized_encode)
    i.whitelist_has_entries                  0x0001dbec   Section        0  ble_advertising.o(i.whitelist_has_entries)
    whitelist_has_entries                    0x0001dbed   Thumb Code    18  ble_advertising.o(i.whitelist_has_entries)
    .constdata                               0x0001dc04   Section       28  main.o(.constdata)
    .constdata                               0x0001dc20   Section        8  boards.o(.constdata)
    m_board_led_list                         0x0001dc20   Data           4  boards.o(.constdata)
    m_board_btn_list                         0x0001dc24   Data           4  boards.o(.constdata)
    .constdata                               0x0001dc28   Section       44  bsp.o(.constdata)
    m_leds_timer_id                          0x0001dc28   Data           4  bsp.o(.constdata)
    m_alert_timer_id                         0x0001dc2c   Data           4  bsp.o(.constdata)
    m_button_timer_id                        0x0001dc30   Data           4  bsp.o(.constdata)
    app_buttons                              0x0001dc34   Data          32  bsp.o(.constdata)
    .constdata                               0x0001dc54   Section        4  ble_conn_params.o(.constdata)
    m_conn_params_timer_id                   0x0001dc54   Data           4  ble_conn_params.o(.constdata)
    .constdata                               0x0001dc58   Section       16  ble_nus.o(.constdata)
    .constdata                               0x0001dc68   Section        4  nrf_drv_gpiote.o(.constdata)
    .constdata                               0x0001dc6c   Section       32  app_uart_fifo.o(.constdata)
    .data                                    0x20001fe8   Section        8  main.o(.data)
    index                                    0x20001fe8   Data           1  main.o(.data)
    m_conn_handle                            0x20001fea   Data           2  main.o(.data)
    m_adv_uuids                              0x20001fec   Data           4  main.o(.data)
    .data                                    0x20001ff0   Section       20  bsp.o(.data)
    m_stable_state                           0x20001ff0   Data           1  bsp.o(.data)
    m_leds_clear                             0x20001ff1   Data           1  bsp.o(.data)
    current_long_push_pin_no                 0x20001ff2   Data           1  bsp.o(.data)
    m_app_ticks_per_100ms                    0x20001ff4   Data           4  bsp.o(.data)
    m_indication_type                        0x20001ff8   Data           4  bsp.o(.data)
    m_registered_callback                    0x20001ffc   Data           4  bsp.o(.data)
    release_event_at_push                    0x20002000   Data           4  bsp.o(.data)
    .data                                    0x20002004   Section        8  bsp_btn_ble.o(.data)
    m_error_handler                          0x20002004   Data           4  bsp_btn_ble.o(.data)
    m_num_connections                        0x20002008   Data           4  bsp_btn_ble.o(.data)
    .data                                    0x2000200c   Section       48  ble_advertising.o(.data)
    m_initialized                            0x2000200c   Data           1  ble_advertising.o(.data)
    m_advertising_start_pending              0x2000200d   Data           1  ble_advertising.o(.data)
    m_adv_evt                                0x2000200e   Data           1  ble_advertising.o(.data)
    m_adv_mode_current                       0x2000200f   Data           1  ble_advertising.o(.data)
    m_peer_addr_reply_expected               0x20002010   Data           1  ble_advertising.o(.data)
    m_whitelist_temporarily_disabled         0x20002011   Data           1  ble_advertising.o(.data)
    m_whitelist_reply_expected               0x20002012   Data           1  ble_advertising.o(.data)
    m_current_slave_link_conn_handle         0x20002014   Data           2  ble_advertising.o(.data)
    m_slave_conn_int                         0x20002016   Data           4  ble_advertising.o(.data)
    m_evt_handler                            0x2000201c   Data           4  ble_advertising.o(.data)
    m_error_handler                          0x20002020   Data           4  ble_advertising.o(.data)
    m_peer_address                           0x20002024   Data           7  ble_advertising.o(.data)
    m_whitelist                              0x2000202c   Data          16  ble_advertising.o(.data)
    .data                                    0x2000203c   Section       20  ble_conn_params.o(.data)
    m_change_param                           0x2000203c   Data           1  ble_conn_params.o(.data)
    m_update_count                           0x2000203d   Data           1  ble_conn_params.o(.data)
    m_conn_handle                            0x2000203e   Data           2  ble_conn_params.o(.data)
    m_preferred_conn_params                  0x20002040   Data           8  ble_conn_params.o(.data)
    m_current_conn_params                    0x20002048   Data           8  ble_conn_params.o(.data)
    .data                                    0x20002050   Section       32  app_timer.o(.data)
    m_ticks_elapsed_q_read_ind               0x20002050   Data           1  app_timer.o(.data)
    m_ticks_elapsed_q_write_ind              0x20002051   Data           1  app_timer.o(.data)
    m_rtc1_running                           0x20002052   Data           1  app_timer.o(.data)
    m_rtc1_reset                             0x20002053   Data           1  app_timer.o(.data)
    mp_timer_id_head                         0x20002054   Data           4  app_timer.o(.data)
    m_ticks_latest                           0x20002058   Data           4  app_timer.o(.data)
    m_evt_schedule_func                      0x2000205c   Data           4  app_timer.o(.data)
    m_op_queue                               0x20002060   Data           8  app_timer.o(.data)
    m_ticks_elapsed                          0x20002068   Data           8  app_timer.o(.data)
    .data                                    0x20002070   Section       16  app_uart_fifo.o(.data)
    tx_buffer                                0x20002070   Data           1  app_uart_fifo.o(.data)
    rx_buffer                                0x20002071   Data           1  app_uart_fifo.o(.data)
    m_rx_ovf                                 0x20002072   Data           1  app_uart_fifo.o(.data)
    m_event_handler                          0x20002074   Data           4  app_uart_fifo.o(.data)
    app_uart_inst                            0x20002078   Data           8  app_uart_fifo.o(.data)
    .data                                    0x20002080   Section       12  app_util_platform.o(.data)
    m_in_critical_region                     0x20002080   Data           4  app_util_platform.o(.data)
    .data                                    0x2000208c   Section       20  softdevice_handler.o(.data)
    m_softdevice_enabled                     0x2000208c   Data           1  softdevice_handler.o(.data)
    m_suspended                              0x2000208d   Data           1  softdevice_handler.o(.data)
    m_ble_evt_buffer_size                    0x2000208e   Data           2  softdevice_handler.o(.data)
    m_evt_schedule_func                      0x20002090   Data           4  softdevice_handler.o(.data)
    mp_ble_evt_buffer                        0x20002094   Data           4  softdevice_handler.o(.data)
    m_ble_evt_handler                        0x20002098   Data           4  softdevice_handler.o(.data)
    m_sys_evt_handler                        0x2000209c   Data           4  softdevice_handler.o(.data)
    .data                                    0x200020a0   Section        4  system_nrf51.o(.data)
    __tagsym$$used                           0x200020a0   Number         0  system_nrf51.o(.data)
    .bss                                     0x200020a4   Section      752  main.o(.bss)
    BLE_EVT_BUFFER                           0x200020a4   Data          72  main.o(.bss)
    data_array                               0x200020ec   Data          20  main.o(.bss)
    rx_buf                                   0x20002100   Data         256  main.o(.bss)
    tx_buf                                   0x20002200   Data         256  main.o(.bss)
    APP_TIMER_BUF                            0x20002300   Data         120  main.o(.bss)
    m_nus                                    0x20002378   Data          28  main.o(.bss)
    .bss                                     0x20002394   Section       32  bsp.o(.bss)
    m_leds_timer_id_data                     0x20002394   Data          32  bsp.o(.bss)
    .bss                                     0x200023b4   Section       32  bsp.o(.bss)
    m_alert_timer_id_data                    0x200023b4   Data          32  bsp.o(.bss)
    .bss                                     0x200023d4   Section       12  bsp.o(.bss)
    m_events_list                            0x200023d4   Data          12  bsp.o(.bss)
    .bss                                     0x200023e0   Section       32  bsp.o(.bss)
    m_button_timer_id_data                   0x200023e0   Data          32  bsp.o(.bss)
    .bss                                     0x20002400   Section      363  ble_advertising.o(.bss)
    m_adv_modes_config                       0x20002400   Data          32  ble_advertising.o(.bss)
    m_advdata                                0x20002420   Data          60  ble_advertising.o(.bss)
    m_manuf_specific_data                    0x2000245c   Data          12  ble_advertising.o(.bss)
    m_manuf_data_array                       0x20002468   Data          31  ble_advertising.o(.bss)
    m_service_data                           0x20002488   Data          12  ble_advertising.o(.bss)
    m_service_data_array                     0x20002494   Data          31  ble_advertising.o(.bss)
    m_whitelist_addrs                        0x200024b3   Data          56  ble_advertising.o(.bss)
    m_whitelist_irks                         0x200024eb   Data         128  ble_advertising.o(.bss)
    .bss                                     0x2000256c   Section       32  ble_advertising.o(.bss)
    m_p_whitelist_addrs                      0x2000256c   Data          32  ble_advertising.o(.bss)
    .bss                                     0x2000258c   Section       32  ble_advertising.o(.bss)
    m_p_whitelist_irks                       0x2000258c   Data          32  ble_advertising.o(.bss)
    .bss                                     0x200025ac   Section       32  ble_conn_params.o(.bss)
    m_conn_params_timer_id_data              0x200025ac   Data          32  ble_conn_params.o(.bss)
    .bss                                     0x200025cc   Section       28  ble_conn_params.o(.bss)
    m_conn_params_config                     0x200025cc   Data          28  ble_conn_params.o(.bss)
    .bss                                     0x200025e8   Section       20  nrf_drv_clock.o(.bss)
    m_clock_cb                               0x200025e8   Data          20  nrf_drv_clock.o(.bss)
    .bss                                     0x200025fc   Section       72  nrf_drv_gpiote.o(.bss)
    m_cb                                     0x200025fc   Data          72  nrf_drv_gpiote.o(.bss)
    .bss                                     0x20002644   Section       28  nrf_drv_uart.o(.bss)
    m_cb                                     0x20002644   Data          28  nrf_drv_uart.o(.bss)
    .bss                                     0x20002660   Section       32  app_uart_fifo.o(.bss)
    m_rx_fifo                                0x20002660   Data          16  app_uart_fifo.o(.bss)
    m_tx_fifo                                0x20002670   Data          16  app_uart_fifo.o(.bss)
    .bss                                     0x20002680   Section      104  fstorage.o(.bss)
    m_queue                                  0x20002680   Data         104  fstorage.o(.bss)
    STACK                                    0x200026e8   Section     2048  arm_startup_nrf51.o(STACK)

    Global Symbols

    Symbol Name                              Value     Ov Type        Size  Object(Section)

    BuildAttributes$$THM_ISAv3M$S$PE$A:L22$X:L11$S22$IEEE1$IW$USESV6$~STKCKD$USESV7$~SHL$OSPACE$EBA8$MICROLIB$REQ8$PRES8$EABIv2 0x00000000   Number         0  anon$$obj.o ABSOLUTE
    __ARM_use_no_argv                        0x00000000   Number         0  main.o ABSOLUTE
    __cpp_initialize__aeabi_                  - Undefined Weak Reference
    __cxa_finalize                            - Undefined Weak Reference
    __decompress                              - Undefined Weak Reference
    _clock_init                               - Undefined Weak Reference
    _microlib_exit                            - Undefined Weak Reference
    fs_data$$Base                             - Undefined Reference
    fs_data$$Limit                            - Undefined Reference
    __Vectors_Size                           0x000000c0   Number         0  arm_startup_nrf51.o ABSOLUTE
    __Vectors                                0x0001b000   Data           4  arm_startup_nrf51.o(RESET)
    __Vectors_End                            0x0001b0c0   Data           0  arm_startup_nrf51.o(RESET)
    __main                                   0x0001b0c1   Thumb Code     0  entry.o(.ARM.Collect$$$$00000000)
    _main_stk                                0x0001b0c1   Thumb Code     0  entry2.o(.ARM.Collect$$$$00000001)
    _main_scatterload                        0x0001b0c5   Thumb Code     0  entry5.o(.ARM.Collect$$$$00000004)
    __main_after_scatterload                 0x0001b0c9   Thumb Code     0  entry5.o(.ARM.Collect$$$$00000004)
    _main_clock                              0x0001b0c9   Thumb Code     0  entry7b.o(.ARM.Collect$$$$00000008)
    _main_cpp_init                           0x0001b0c9   Thumb Code     0  entry8b.o(.ARM.Collect$$$$0000000A)
    _main_init                               0x0001b0c9   Thumb Code     0  entry9a.o(.ARM.Collect$$$$0000000B)
    __rt_final_cpp                           0x0001b0d1   Thumb Code     0  entry10a.o(.ARM.Collect$$$$0000000D)
    __rt_final_exit                          0x0001b0d1   Thumb Code     0  entry11a.o(.ARM.Collect$$$$0000000F)
    Reset_Handler                            0x0001b0d5   Thumb Code    26  arm_startup_nrf51.o(.text)
    NMI_Handler                              0x0001b0ef   Thumb Code     2  arm_startup_nrf51.o(.text)
    HardFault_Handler                        0x0001b0f1   Thumb Code     2  arm_startup_nrf51.o(.text)
    SVC_Handler                              0x0001b0f3   Thumb Code     2  arm_startup_nrf51.o(.text)
    PendSV_Handler                           0x0001b0f5   Thumb Code     2  arm_startup_nrf51.o(.text)
    SysTick_Handler                          0x0001b0f7   Thumb Code     2  arm_startup_nrf51.o(.text)
    ADC_IRQHandler                           0x0001b0f9   Thumb Code     0  arm_startup_nrf51.o(.text)
    CCM_AAR_IRQHandler                       0x0001b0f9   Thumb Code     0  arm_startup_nrf51.o(.text)
    ECB_IRQHandler                           0x0001b0f9   Thumb Code     0  arm_startup_nrf51.o(.text)
    LPCOMP_IRQHandler                        0x0001b0f9   Thumb Code     0  arm_startup_nrf51.o(.text)
    QDEC_IRQHandler                          0x0001b0f9   Thumb Code     0  arm_startup_nrf51.o(.text)
    RADIO_IRQHandler                         0x0001b0f9   Thumb Code     0  arm_startup_nrf51.o(.text)
    RNG_IRQHandler                           0x0001b0f9   Thumb Code     0  arm_startup_nrf51.o(.text)
    RTC0_IRQHandler                          0x0001b0f9   Thumb Code     0  arm_startup_nrf51.o(.text)
    SPI0_TWI0_IRQHandler                     0x0001b0f9   Thumb Code     0  arm_startup_nrf51.o(.text)
    SPI1_TWI1_IRQHandler                     0x0001b0f9   Thumb Code     0  arm_startup_nrf51.o(.text)
    SWI1_IRQHandler                          0x0001b0f9   Thumb Code     0  arm_startup_nrf51.o(.text)
    SWI3_IRQHandler                          0x0001b0f9   Thumb Code     0  arm_startup_nrf51.o(.text)
    SWI4_IRQHandler                          0x0001b0f9   Thumb Code     0  arm_startup_nrf51.o(.text)
    SWI5_IRQHandler                          0x0001b0f9   Thumb Code     0  arm_startup_nrf51.o(.text)
    TEMP_IRQHandler                          0x0001b0f9   Thumb Code     0  arm_startup_nrf51.o(.text)
    TIMER0_IRQHandler                        0x0001b0f9   Thumb Code     0  arm_startup_nrf51.o(.text)
    TIMER1_IRQHandler                        0x0001b0f9   Thumb Code     0  arm_startup_nrf51.o(.text)
    TIMER2_IRQHandler                        0x0001b0f9   Thumb Code     0  arm_startup_nrf51.o(.text)
    WDT_IRQHandler                           0x0001b0f9   Thumb Code     0  arm_startup_nrf51.o(.text)
    __aeabi_uidiv                            0x0001b10d   Thumb Code     0  uidiv.o(.text)
    __aeabi_uidivmod                         0x0001b10d   Thumb Code    44  uidiv.o(.text)
    __aeabi_memcpy                           0x0001b139   Thumb Code    36  memcpya.o(.text)
    __aeabi_memcpy4                          0x0001b139   Thumb Code     0  memcpya.o(.text)
    __aeabi_memcpy8                          0x0001b139   Thumb Code     0  memcpya.o(.text)
    __aeabi_memset                           0x0001b15d   Thumb Code    14  memseta.o(.text)
    __aeabi_memset4                          0x0001b15d   Thumb Code     0  memseta.o(.text)
    __aeabi_memset8                          0x0001b15d   Thumb Code     0  memseta.o(.text)
    __aeabi_memclr                           0x0001b16b   Thumb Code     4  memseta.o(.text)
    __aeabi_memclr4                          0x0001b16b   Thumb Code     0  memseta.o(.text)
    __aeabi_memclr8                          0x0001b16b   Thumb Code     0  memseta.o(.text)
    _memset$wrapper                          0x0001b16f   Thumb Code    18  memseta.o(.text)
    __scatterload                            0x0001b181   Thumb Code    28  init.o(.text)
    __scatterload_rt2                        0x0001b181   Thumb Code     0  init.o(.text)
    GPIOTE_IRQHandler                        0x0001b1a5   Thumb Code   364  nrf_drv_gpiote.o(i.GPIOTE_IRQHandler)
    POWER_CLOCK_IRQHandler                   0x0001b361   Thumb Code    70  nrf_drv_clock.o(i.POWER_CLOCK_IRQHandler)
    RTC1_IRQHandler                          0x0001b3b5   Thumb Code    28  app_timer.o(i.RTC1_IRQHandler)
    SWI0_IRQHandler                          0x0001b3d5   Thumb Code     8  app_timer.o(i.SWI0_IRQHandler)
    SWI2_IRQHandler                          0x0001b3dd   Thumb Code    28  softdevice_handler.o(i.SWI2_IRQHandler)
    SystemInit                               0x0001b3fd   Thumb Code   130  system_nrf51.o(i.SystemInit)
    UART0_IRQHandler                         0x0001b49d   Thumb Code    12  nrf_drv_uart.o(i.UART0_IRQHandler)
    __ARM_common_switch8                     0x0001b4b1   Thumb Code    26  bsp.o(i.__ARM_common_switch8)
    __scatterload_copy                       0x0001b4cb   Thumb Code    14  handlers.o(i.__scatterload_copy)
    __scatterload_null                       0x0001b4d9   Thumb Code     2  handlers.o(i.__scatterload_null)
    __scatterload_zeroinit                   0x0001b4db   Thumb Code    14  handlers.o(i.__scatterload_zeroinit)
    adv_data_encode                          0x0001b505   Thumb Code   398  ble_advdata.o(i.adv_data_encode)
    app_error_fault_handler                  0x0001b739   Thumb Code    18  app_error_weak.o(i.app_error_fault_handler)
    app_error_handler_bare                   0x0001b755   Thumb Code    20  app_error.o(i.app_error_handler_bare)
    app_fifo_get                             0x0001b76d   Thumb Code    22  app_fifo.o(i.app_fifo_get)
    app_fifo_init                            0x0001b783   Thumb Code    36  app_fifo.o(i.app_fifo_init)
    app_fifo_put                             0x0001b7a7   Thumb Code    26  app_fifo.o(i.app_fifo_put)
    app_timer_create                         0x0001b7c1   Thumb Code    40  app_timer.o(i.app_timer_create)
    app_timer_init                           0x0001b7ed   Thumb Code    98  app_timer.o(i.app_timer_init)
    app_timer_start                          0x0001b861   Thumb Code   128  app_timer.o(i.app_timer_start)
    app_timer_stop                           0x0001b8e9   Thumb Code    36  app_timer.o(i.app_timer_stop)
    app_uart_get                             0x0001b911   Thumb Code    46  app_uart_fifo.o(i.app_uart_get)
    app_uart_init                            0x0001b949   Thumb Code   160  app_uart_fifo.o(i.app_uart_init)
    app_uart_put                             0x0001b9f9   Thumb Code    56  app_uart_fifo.o(i.app_uart_put)
    app_util_critical_region_enter           0x0001ba39   Thumb Code    48  app_util_platform.o(i.app_util_critical_region_enter)
    app_util_critical_region_exit            0x0001ba75   Thumb Code    36  app_util_platform.o(i.app_util_critical_region_exit)
    ble_advdata_set                          0x0001bb25   Thumb Code   104  ble_advdata.o(i.ble_advdata_set)
    ble_advertising_init                     0x0001bb8d   Thumb Code   340  ble_advertising.o(i.ble_advertising_init)
    ble_advertising_on_ble_evt               0x0001bce9   Thumb Code    82  ble_advertising.o(i.ble_advertising_on_ble_evt)
    ble_advertising_start                    0x0001bd41   Thumb Code   256  ble_advertising.o(i.ble_advertising_start)
    ble_conn_params_init                     0x0001be49   Thumb Code    68  ble_conn_params.o(i.ble_conn_params_init)
    ble_conn_params_on_ble_evt               0x0001be9d   Thumb Code   130  ble_conn_params.o(i.ble_conn_params_on_ble_evt)
    ble_nus_init                             0x0001bfb5   Thumb Code    98  ble_nus.o(i.ble_nus_init)
    ble_nus_on_ble_evt                       0x0001c01d   Thumb Code    92  ble_nus.o(i.ble_nus_on_ble_evt)
    ble_nus_string_send                      0x0001c079   Thumb Code    78  ble_nus.o(i.ble_nus_string_send)
    ble_srv_is_notification_enabled          0x0001c0cd   Thumb Code    14  ble_srv_common.o(i.ble_srv_is_notification_enabled)
    bsp_board_led_invert                     0x0001c0dd   Thumb Code    24  boards.o(i.bsp_board_led_invert)
    bsp_board_led_off                        0x0001c0fd   Thumb Code    14  boards.o(i.bsp_board_led_off)
    bsp_board_led_on                         0x0001c111   Thumb Code    14  boards.o(i.bsp_board_led_on)
    bsp_board_led_state_get                  0x0001c125   Thumb Code    24  boards.o(i.bsp_board_led_state_get)
    bsp_board_leds_off                       0x0001c145   Thumb Code    18  boards.o(i.bsp_board_leds_off)
    bsp_board_leds_on                        0x0001c157   Thumb Code    18  boards.o(i.bsp_board_leds_on)
    bsp_board_pin_to_button_idx              0x0001c169   Thumb Code    30  boards.o(i.bsp_board_pin_to_button_idx)
    bsp_btn_ble_on_ble_evt                   0x0001c18d   Thumb Code   114  bsp_btn_ble.o(i.bsp_btn_ble_on_ble_evt)
    bsp_event_to_button_action_assign        0x0001c299   Thumb Code    66  bsp.o(i.bsp_event_to_button_action_assign)
    bsp_indication_set                       0x0001c2e1   Thumb Code    22  bsp.o(i.bsp_indication_set)
    fs_queued_op_count_get                   0x0001c6bd   Thumb Code    18  fstorage.o(i.fs_queued_op_count_get)
    intern_softdevice_events_execute         0x0001c6d5   Thumb Code   122  softdevice_handler.o(i.intern_softdevice_events_execute)
    main                                     0x0001c921   Thumb Code   374  main.o(i.main)
    nrf_drv_clock_init                       0x0001cc29   Thumb Code    60  nrf_drv_clock.o(i.nrf_drv_clock_init)
    nrf_drv_clock_on_sd_enable               0x0001cc71   Thumb Code    46  nrf_drv_clock.o(i.nrf_drv_clock_on_sd_enable)
    nrf_drv_clock_on_soc_event               0x0001cca5   Thumb Code    12  nrf_drv_clock.o(i.nrf_drv_clock_on_soc_event)
    nrf_drv_common_irq_enable                0x0001ccb1   Thumb Code    78  nrf_drv_common.o(i.nrf_drv_common_irq_enable)
    nrf_drv_uart_init                        0x0001cd11   Thumb Code   118  nrf_drv_uart.o(i.nrf_drv_uart_init)
    nrf_drv_uart_rx                          0x0001cd91   Thumb Code    86  nrf_drv_uart.o(i.nrf_drv_uart_rx)
    nrf_drv_uart_rx_enable                   0x0001cded   Thumb Code    40  nrf_drv_uart.o(i.nrf_drv_uart_rx_enable)
    nrf_drv_uart_tx                          0x0001cec1   Thumb Code    46  nrf_drv_uart.o(i.nrf_drv_uart_tx)
    nrf_drv_uart_tx_in_progress              0x0001cf81   Thumb Code    20  nrf_drv_uart.o(i.nrf_drv_uart_tx_in_progress)
    softdevice_ble_evt_handler_set           0x0001d531   Thumb Code    16  softdevice_handler.o(i.softdevice_ble_evt_handler_set)
    softdevice_enable                        0x0001d545   Thumb Code    14  softdevice_handler.o(i.softdevice_enable)
    softdevice_enable_get_default_config     0x0001d559   Thumb Code    40  softdevice_handler.o(i.softdevice_enable_get_default_config)
    softdevice_fault_handler                 0x0001d581   Thumb Code     8  softdevice_handler.o(i.softdevice_fault_handler)
    softdevice_handler_init                  0x0001d589   Thumb Code    74  softdevice_handler.o(i.softdevice_handler_init)
    softdevice_handler_is_enabled            0x0001d5e1   Thumb Code     6  softdevice_handler.o(i.softdevice_handler_is_enabled)
    uart_event_handle                        0x0001d841   Thumb Code    84  main.o(i.uart_event_handle)
    Region$$Table$$Base                      0x0001dc8c   Number         0  anon$$obj.o(Region$$Table)
    Region$$Table$$Limit                     0x0001dcac   Number         0  anon$$obj.o(Region$$Table)
    Image$$RW_IRAM1$$Base                    0x20001fe8   Number         0  anon$$obj.o ABSOLUTE
    nrf_nvic_state                           0x20002084   Data           8  app_util_platform.o(.data)
    SystemCoreClock                          0x200020a0   Data           4  system_nrf51.o(.data)
    __initial_sp                             0x20002ee8   Data           0  arm_startup_nrf51.o(STACK)



==============================================================================

Memory Map of the image

  Image Entry point : 0x0001b0c1

  Load Region LR_IROM1 (Base: 0x0001b000, Size: 0x00002d68, Max: 0x00025000, ABSOLUTE)

    Execution Region ER_IROM1 (Base: 0x0001b000, Size: 0x00002cac, Max: 0x00025000, ABSOLUTE)

    Base Addr    Size         Type   Attr      Idx    E Section Name        Object

    0x0001b000   0x000000c0   Data   RO         2505    RESET               arm_startup_nrf51.o
    0x0001b0c0   0x00000000   Code   RO         2547  * .ARM.Collect$$$$00000000  mc_p.l(entry.o)
    0x0001b0c0   0x00000004   Code   RO         2562    .ARM.Collect$$$$00000001  mc_p.l(entry2.o)
    0x0001b0c4   0x00000004   Code   RO         2565    .ARM.Collect$$$$00000004  mc_p.l(entry5.o)
    0x0001b0c8   0x00000000   Code   RO         2567    .ARM.Collect$$$$00000008  mc_p.l(entry7b.o)
    0x0001b0c8   0x00000000   Code   RO         2569    .ARM.Collect$$$$0000000A  mc_p.l(entry8b.o)
    0x0001b0c8   0x00000008   Code   RO         2570    .ARM.Collect$$$$0000000B  mc_p.l(entry9a.o)
    0x0001b0d0   0x00000000   Code   RO         2572    .ARM.Collect$$$$0000000D  mc_p.l(entry10a.o)
    0x0001b0d0   0x00000000   Code   RO         2574    .ARM.Collect$$$$0000000F  mc_p.l(entry11a.o)
    0x0001b0d0   0x00000004   Code   RO         2563    .ARM.Collect$$$$00002712  mc_p.l(entry2.o)
    0x0001b0d4   0x00000038   Code   RO         2506    .text               arm_startup_nrf51.o
    0x0001b10c   0x0000002c   Code   RO         2550    .text               mc_p.l(uidiv.o)
    0x0001b138   0x00000024   Code   RO         2552    .text               mc_p.l(memcpya.o)
    0x0001b15c   0x00000024   Code   RO         2554    .text               mc_p.l(memseta.o)
    0x0001b180   0x00000024   Code   RO         2576    .text               mc_p.l(init.o)
    0x0001b1a4   0x00000178   Code   RO         1172    i.GPIOTE_IRQHandler  nrf_drv_gpiote.o
    0x0001b31c   0x00000044   Code   RO         1759    i.NVIC_SetPriority  app_timer.o
    0x0001b360   0x00000054   Code   RO          960    i.POWER_CLOCK_IRQHandler  nrf_drv_clock.o
    0x0001b3b4   0x00000020   Code   RO         1760    i.RTC1_IRQHandler   app_timer.o
    0x0001b3d4   0x00000008   Code   RO         1761    i.SWI0_IRQHandler   app_timer.o
    0x0001b3dc   0x00000020   Code   RO         2372    i.SWI2_IRQHandler   softdevice_handler.o
    0x0001b3fc   0x000000a0   Code   RO         2513    i.SystemInit        system_nrf51.o
    0x0001b49c   0x00000014   Code   RO         1387    i.UART0_IRQHandler  nrf_drv_uart.o
    0x0001b4b0   0x0000001a   Code   RO          523    i.__ARM_common_switch8  bsp.o
    0x0001b4ca   0x0000000e   Code   RO         2580    i.__scatterload_copy  mc_p.l(handlers.o)
    0x0001b4d8   0x00000002   Code   RO         2581    i.__scatterload_null  mc_p.l(handlers.o)
    0x0001b4da   0x0000000e   Code   RO         2582    i.__scatterload_zeroinit  mc_p.l(handlers.o)
    0x0001b4e8   0x0000001c   Code   RO         2373    i.__sd_nvic_app_accessible_irq  softdevice_handler.o
    0x0001b504   0x0000018e   Code   RO          622    i.adv_data_encode   ble_advdata.o
    0x0001b692   0x00000002   PAD
    0x0001b694   0x00000068   Code   RO          704    i.adv_mode_next_avail_get  ble_advertising.o
    0x0001b6fc   0x0000003c   Code   RO          542    i.advertising_buttons_configure  bsp_btn_ble.o
    0x0001b738   0x0000001c   Code   RO         1664    i.app_error_fault_handler  app_error_weak.o
    0x0001b754   0x00000018   Code   RO         1626    i.app_error_handler_bare  app_error.o
    0x0001b76c   0x00000016   Code   RO         1691    i.app_fifo_get      app_fifo.o
    0x0001b782   0x00000024   Code   RO         1692    i.app_fifo_init     app_fifo.o
    0x0001b7a6   0x0000001a   Code   RO         1694    i.app_fifo_put      app_fifo.o
    0x0001b7c0   0x0000002c   Code   RO         1764    i.app_timer_create  app_timer.o
    0x0001b7ec   0x00000074   Code   RO         1765    i.app_timer_init    app_timer.o
    0x0001b860   0x00000088   Code   RO         1766    i.app_timer_start   app_timer.o
    0x0001b8e8   0x00000028   Code   RO         1767    i.app_timer_stop    app_timer.o
    0x0001b910   0x00000038   Code   RO         1906    i.app_uart_get      app_uart_fifo.o
    0x0001b948   0x000000b0   Code   RO         1907    i.app_uart_init     app_uart_fifo.o
    0x0001b9f8   0x00000040   Code   RO         1908    i.app_uart_put      app_uart_fifo.o
    0x0001ba38   0x0000003c   Code   RO         1963    i.app_util_critical_region_enter  app_util_platform.o
    0x0001ba74   0x0000002c   Code   RO         1964    i.app_util_critical_region_exit  app_util_platform.o
    0x0001baa0   0x00000084   Code   RO         1388    i.apply_config      nrf_drv_uart.o
    0x0001bb24   0x00000068   Code   RO          623    i.ble_advdata_set   ble_advdata.o
    0x0001bb8c   0x0000015c   Code   RO          705    i.ble_advertising_init  ble_advertising.o
    0x0001bce8   0x00000058   Code   RO          706    i.ble_advertising_on_ble_evt  ble_advertising.o
    0x0001bd40   0x00000108   Code   RO          710    i.ble_advertising_start  ble_advertising.o
    0x0001be48   0x00000054   Code   RO          798    i.ble_conn_params_init  ble_conn_params.o
    0x0001be9c   0x00000090   Code   RO          799    i.ble_conn_params_on_ble_evt  ble_conn_params.o
    0x0001bf2c   0x0000005e   Code   RO          624    i.ble_device_addr_encode  ble_advdata.o
    0x0001bf8a   0x00000002   PAD
    0x0001bf8c   0x00000028   Code   RO            4    i.ble_evt_dispatch  main.o
    0x0001bfb4   0x00000068   Code   RO          917    i.ble_nus_init      ble_nus.o
    0x0001c01c   0x0000005c   Code   RO          918    i.ble_nus_on_ble_evt  ble_nus.o
    0x0001c078   0x00000054   Code   RO          919    i.ble_nus_string_send  ble_nus.o
    0x0001c0cc   0x0000000e   Code   RO          864    i.ble_srv_is_notification_enabled  ble_srv_common.o
    0x0001c0da   0x00000002   PAD
    0x0001c0dc   0x00000020   Code   RO          321    i.bsp_board_led_invert  boards.o
    0x0001c0fc   0x00000014   Code   RO          322    i.bsp_board_led_off  boards.o
    0x0001c110   0x00000014   Code   RO          323    i.bsp_board_led_on  boards.o
    0x0001c124   0x00000020   Code   RO          324    i.bsp_board_led_state_get  boards.o
    0x0001c144   0x00000012   Code   RO          326    i.bsp_board_leds_off  boards.o
    0x0001c156   0x00000012   Code   RO          327    i.bsp_board_leds_on  boards.o
    0x0001c168   0x00000024   Code   RO          328    i.bsp_board_pin_to_button_idx  boards.o
    0x0001c18c   0x00000078   Code   RO          544    i.bsp_btn_ble_on_ble_evt  bsp_btn_ble.o
    0x0001c204   0x00000094   Code   RO          430    i.bsp_button_event_handler  bsp.o
    0x0001c298   0x00000048   Code   RO          434    i.bsp_event_to_button_action_assign  bsp.o
    0x0001c2e0   0x0000001c   Code   RO          435    i.bsp_indication_set  bsp.o
    0x0001c2fc   0x00000180   Code   RO          437    i.bsp_led_indication  bsp.o
    0x0001c47c   0x00000010   Code   RO         1175    i.channel_port_get  nrf_drv_gpiote.o
    0x0001c48c   0x00000028   Code   RO          961    i.clock_clk_started_notify  nrf_drv_clock.o
    0x0001c4b4   0x000000a8   Code   RO         1769    i.compare_reg_update  app_timer.o
    0x0001c55c   0x00000088   Code   RO          625    i.conn_int_encode   ble_advdata.o
    0x0001c5e4   0x00000008   Code   RO            6    i.conn_params_error_handler  main.o
    0x0001c5ec   0x00000068   Code   RO          801    i.conn_params_negotiation  ble_conn_params.o
    0x0001c654   0x00000040   Code   RO         1770    i.elapsed_ticks_acquire  app_timer.o
    0x0001c694   0x00000014   Code   RO         1697    i.fifo_get          app_fifo.o
    0x0001c6a8   0x00000012   Code   RO         1698    i.fifo_put          app_fifo.o
    0x0001c6ba   0x00000002   PAD
    0x0001c6bc   0x00000018   Code   RO         2016    i.fs_queued_op_count_get  fstorage.o
    0x0001c6d4   0x00000080   Code   RO         2374    i.intern_softdevice_events_execute  softdevice_handler.o
    0x0001c754   0x0000001c   Code   RO          802    i.is_conn_params_ok  ble_conn_params.o
    0x0001c770   0x00000048   Code   RO         2514    i.is_manual_peripheral_setup_needed  system_nrf51.o
    0x0001c7b8   0x000000ac   Code   RO         1771    i.list_deletions_handler  app_timer.o
    0x0001c864   0x000000bc   Code   RO         1772    i.list_insertions_handler  app_timer.o
    0x0001c920   0x000001b0   Code   RO            7    i.main              main.o
    0x0001cad0   0x00000068   Code   RO          626    i.manuf_specific_data_encode  ble_advdata.o
    0x0001cb38   0x0000009e   Code   RO          627    i.name_encode       ble_advdata.o
    0x0001cbd6   0x00000010   Code   RO         1176    i.nrf_bitmask_bit_is_set  nrf_drv_gpiote.o
    0x0001cbe6   0x00000010   Code   RO          965    i.nrf_clock_event_check  nrf_drv_clock.o
    0x0001cbf6   0x00000002   PAD
    0x0001cbf8   0x00000030   Code   RO         1773    i.nrf_delay_us      app_timer.o
    0x0001cc28   0x00000048   Code   RO          972    i.nrf_drv_clock_init  nrf_drv_clock.o
    0x0001cc70   0x00000034   Code   RO          979    i.nrf_drv_clock_on_sd_enable  nrf_drv_clock.o
    0x0001cca4   0x0000000c   Code   RO          980    i.nrf_drv_clock_on_soc_event  nrf_drv_clock.o
    0x0001ccb0   0x00000060   Code   RO         1131    i.nrf_drv_common_irq_enable  nrf_drv_common.o
    0x0001cd10   0x00000080   Code   RO         1390    i.nrf_drv_uart_init  nrf_drv_uart.o
    0x0001cd90   0x0000005c   Code   RO         1391    i.nrf_drv_uart_rx   nrf_drv_uart.o
    0x0001cdec   0x0000002c   Code   RO         1394    i.nrf_drv_uart_rx_enable  nrf_drv_uart.o
    0x0001ce18   0x000000a8   Code   RO         1395    i.nrf_drv_uart_rx_for_uart  nrf_drv_uart.o
    0x0001cec0   0x00000034   Code   RO         1396    i.nrf_drv_uart_tx   nrf_drv_uart.o
    0x0001cef4   0x0000008c   Code   RO         1398    i.nrf_drv_uart_tx_for_uart  nrf_drv_uart.o
    0x0001cf80   0x00000018   Code   RO         1399    i.nrf_drv_uart_tx_in_progress  nrf_drv_uart.o
    0x0001cf98   0x00000028   Code   RO         1401    i.nrf_gpio_cfg      nrf_drv_uart.o
    0x0001cfc0   0x00000012   Code   RO         1403    i.nrf_gpio_cfg_input  nrf_drv_uart.o
    0x0001cfd2   0x00000014   Code   RO         1404    i.nrf_gpio_cfg_output  nrf_drv_uart.o
    0x0001cfe6   0x00000022   Code   RO         1198    i.nrf_gpio_cfg_sense_set  nrf_drv_gpiote.o
    0x0001d008   0x00000018   Code   RO            8    i.nrf_gpio_pin_write  main.o
    0x0001d020   0x00000018   Code   RO          331    i.nrf_gpio_pin_write  boards.o
    0x0001d038   0x00000028   Code   RO         1199    i.nrf_gpio_ports_read  nrf_drv_gpiote.o
    0x0001d060   0x00000010   Code   RO         1200    i.nrf_gpiote_event_clear  nrf_drv_gpiote.o
    0x0001d070   0x00000014   Code   RO         1201    i.nrf_gpiote_event_is_set  nrf_drv_gpiote.o
    0x0001d084   0x0000000a   Code   RO         1405    i.nrf_uart_event_check  nrf_drv_uart.o
    0x0001d08e   0x00000010   Code   RO         1406    i.nrf_uart_int_enable_check  nrf_drv_uart.o
    0x0001d09e   0x00000002   PAD
    0x0001d0a0   0x00000084   Code   RO            9    i.nus_data_handler  main.o
    0x0001d124   0x00000022   Code   RO           10    i.on_adv_evt        main.o
    0x0001d146   0x00000002   PAD
    0x0001d148   0x000000d0   Code   RO           11    i.on_ble_evt        main.o
    0x0001d218   0x00000020   Code   RO           12    i.on_conn_params_evt  main.o
    0x0001d238   0x00000044   Code   RO         1774    i.rtc1_stop         app_timer.o
    0x0001d27c   0x00000026   Code   RO         1407    i.rx_byte           nrf_drv_uart.o
    0x0001d2a2   0x0000009e   Code   RO          920    i.rx_char_add       ble_nus.o
    0x0001d340   0x00000014   Code   RO         1408    i.rx_done_event     nrf_drv_uart.o
    0x0001d354   0x0000001a   Code   RO         1409    i.rx_enable         nrf_drv_uart.o
    0x0001d36e   0x00000002   PAD
    0x0001d370   0x00000084   Code   RO         2376    i.sd_nvic_EnableIRQ  softdevice_handler.o
    0x0001d3f4   0x0000008e   Code   RO          628    i.service_data_encode  ble_advdata.o
    0x0001d482   0x00000002   PAD
    0x0001d484   0x00000058   Code   RO          712    i.set_adv_mode_fast  ble_advertising.o
    0x0001d4dc   0x00000054   Code   RO          713    i.set_adv_mode_slow  ble_advertising.o
    0x0001d530   0x00000014   Code   RO         2377    i.softdevice_ble_evt_handler_set  softdevice_handler.o
    0x0001d544   0x00000014   Code   RO         2378    i.softdevice_enable  softdevice_handler.o
    0x0001d558   0x00000028   Code   RO         2379    i.softdevice_enable_get_default_config  softdevice_handler.o
    0x0001d580   0x00000008   Code   RO         2380    i.softdevice_fault_handler  softdevice_handler.o
    0x0001d588   0x00000058   Code   RO         2381    i.softdevice_handler_init  softdevice_handler.o
    0x0001d5e0   0x0000000c   Code   RO         2382    i.softdevice_handler_is_enabled  softdevice_handler.o
    0x0001d5ec   0x00000084   Code   RO         1775    i.timer_list_handler  app_timer.o
    0x0001d670   0x00000010   Code   RO         1776    i.timer_list_handler_sched  app_timer.o
    0x0001d680   0x00000040   Code   RO         1777    i.timer_list_insert  app_timer.o
    0x0001d6c0   0x00000048   Code   RO         1778    i.timer_stop_op_schedule  app_timer.o
    0x0001d708   0x00000080   Code   RO         1779    i.timer_timeouts_check  app_timer.o
    0x0001d788   0x0000001e   Code   RO         1410    i.tx_byte           nrf_drv_uart.o
    0x0001d7a6   0x00000080   Code   RO          921    i.tx_char_add       ble_nus.o
    0x0001d826   0x00000018   Code   RO         1411    i.tx_done_event     nrf_drv_uart.o
    0x0001d83e   0x00000002   PAD
    0x0001d840   0x00000060   Code   RO           13    i.uart_event_handle  main.o
    0x0001d8a0   0x000000a8   Code   RO         1909    i.uart_event_handler  app_uart_fifo.o
    0x0001d948   0x00000128   Code   RO         1412    i.uart_irq_handler  nrf_drv_uart.o
    0x0001da70   0x0000000a   Code   RO          629    i.uint16_encode     ble_advdata.o
    0x0001da7a   0x00000002   PAD
    0x0001da7c   0x00000064   Code   RO          803    i.update_timeout_handler  ble_conn_params.o
    0x0001dae0   0x0000002c   Code   RO         1780    i.user_op_alloc     app_timer.o
    0x0001db0c   0x00000030   Code   RO          630    i.uuid_list_encode  ble_advdata.o
    0x0001db3c   0x000000ae   Code   RO          631    i.uuid_list_sized_encode  ble_advdata.o
    0x0001dbea   0x00000002   PAD
    0x0001dbec   0x00000018   Code   RO          714    i.whitelist_has_entries  ble_advertising.o
    0x0001dc04   0x0000001c   Data   RO           16    .constdata          main.o
    0x0001dc20   0x00000008   Data   RO          332    .constdata          boards.o
    0x0001dc28   0x0000002c   Data   RO          447    .constdata          bsp.o
    0x0001dc54   0x00000004   Data   RO          806    .constdata          ble_conn_params.o
    0x0001dc58   0x00000010   Data   RO          922    .constdata          ble_nus.o
    0x0001dc68   0x00000004   Data   RO         1205    .constdata          nrf_drv_gpiote.o
    0x0001dc6c   0x00000020   Data   RO         1911    .constdata          app_uart_fifo.o
    0x0001dc8c   0x00000020   Data   RO         2578    Region$$Table       anon$$obj.o


    Execution Region RW_IRAM1 (Base: 0x20001fe8, Size: 0x00000f00, Max: 0x00006018, ABSOLUTE)

    Base Addr    Size         Type   Attr      Idx    E Section Name        Object

    0x20001fe8   0x00000008   Data   RW           17    .data               main.o
    0x20001ff0   0x00000014   Data   RW          448    .data               bsp.o
    0x20002004   0x00000008   Data   RW          546    .data               bsp_btn_ble.o
    0x2000200c   0x00000030   Data   RW          718    .data               ble_advertising.o
    0x2000203c   0x00000014   Data   RW          807    .data               ble_conn_params.o
    0x20002050   0x00000020   Data   RW         1781    .data               app_timer.o
    0x20002070   0x00000010   Data   RW         1912    .data               app_uart_fifo.o
    0x20002080   0x0000000c   Data   RW         1967    .data               app_util_platform.o
    0x2000208c   0x00000014   Data   RW         2388    .data               softdevice_handler.o
    0x200020a0   0x00000004   Data   RW         2515    .data               system_nrf51.o
    0x200020a4   0x000002f0   Zero   RW           14    .bss                main.o
    0x20002394   0x00000020   Zero   RW          443    .bss                bsp.o
    0x200023b4   0x00000020   Zero   RW          444    .bss                bsp.o
    0x200023d4   0x0000000c   Zero   RW          445    .bss                bsp.o
    0x200023e0   0x00000020   Zero   RW          446    .bss                bsp.o
    0x20002400   0x0000016b   Zero   RW          715    .bss                ble_advertising.o
    0x2000256b   0x00000001   PAD
    0x2000256c   0x00000020   Zero   RW          716    .bss                ble_advertising.o
    0x2000258c   0x00000020   Zero   RW          717    .bss                ble_advertising.o
    0x200025ac   0x00000020   Zero   RW          804    .bss                ble_conn_params.o
    0x200025cc   0x0000001c   Zero   RW          805    .bss                ble_conn_params.o
    0x200025e8   0x00000014   Zero   RW          982    .bss                nrf_drv_clock.o
    0x200025fc   0x00000048   Zero   RW         1204    .bss                nrf_drv_gpiote.o
    0x20002644   0x0000001c   Zero   RW         1413    .bss                nrf_drv_uart.o
    0x20002660   0x00000020   Zero   RW         1910    .bss                app_uart_fifo.o
    0x20002680   0x00000068   Zero   RW         2025    .bss                fstorage.o
    0x200026e8   0x00000800   Zero   RW         2503    STACK               arm_startup_nrf51.o


==============================================================================

Image component sizes


      Code (inc. data)   RO Data    RW Data    ZI Data      Debug   Object Name

        24          4          0          0          0       2245   app_error.o
        28         10          0          0          0       7154   app_error_weak.o
       122          0          0          0          0       4838   app_fifo.o
      1608        158          0         32          0      43431   app_timer.o
       464         44         32         16         32      10442   app_uart_fifo.o
       104         20          0         12          0       6498   app_util_platform.o
        56         18        192          0       2048        712   arm_startup_nrf51.o
      1368          6          0          0          0      30756   ble_advdata.o
      1000         62          0         48        427      10592   ble_advertising.o
       460         60          4         20         60       5580   ble_conn_params.o
       566         12         16          0          0       5586   ble_nus.o
        14          0          0          0          0       1430   ble_srv_common.o
       200         40          8          0          0       9623   boards.o
       658         60         44         20        108       9857   bsp.o
       180          6          0          8          0       3341   bsp_btn_ble.o
        24          6          0          0        104       3820   fstorage.o
      1006        124         28          8        752     111755   main.o
       276         38          0          0         20      12024   nrf_drv_clock.o
        96         18          0          0          0       7380   nrf_drv_common.o
       518         34          4          0         72      19264   nrf_drv_gpiote.o
      1338         52          0          0         28      30382   nrf_drv_uart.o
       508         66          0         20          0      21555   softdevice_handler.o
       232         36          0          4          0       2399   system_nrf51.o

    ----------------------------------------------------------------------
     10874        874        360        188       3652     360664   Object Totals
         0          0         32          0          0          0   (incl. Generated)
        24          0          0          0          1          0   (incl. Padding)

    ----------------------------------------------------------------------

      Code (inc. data)   RO Data    RW Data    ZI Data      Debug   Library Member Name

         0          0          0          0          0          0   entry.o
         0          0          0          0          0          0   entry10a.o
         0          0          0          0          0          0   entry11a.o
         8          4          0          0          0          0   entry2.o
         4          0          0          0          0          0   entry5.o
         0          0          0          0          0          0   entry7b.o
         0          0          0          0          0          0   entry8b.o
         8          4          0          0          0          0   entry9a.o
        30          0          0          0          0          0   handlers.o
        36          8          0          0          0         68   init.o
        36          0          0          0          0         60   memcpya.o
        36          0          0          0          0        100   memseta.o
        44          0          0          0          0         72   uidiv.o

    ----------------------------------------------------------------------
       202         16          0          0          0        300   Library Totals
         0          0          0          0          0          0   (incl. Padding)

    ----------------------------------------------------------------------

      Code (inc. data)   RO Data    RW Data    ZI Data      Debug   Library Name

       202         16          0          0          0        300   mc_p.l

    ----------------------------------------------------------------------
       202         16          0          0          0        300   Library Totals

    ----------------------------------------------------------------------

==============================================================================


      Code (inc. data)   RO Data    RW Data    ZI Data      Debug   

     11076        890        360        188       3652     355440   Grand Totals
     11076        890        360        188       3652     355440   ELF Image Totals
     11076        890        360        188          0          0   ROM Totals

==============================================================================

    Total RO  Size (Code + RO Data)                11436 (  11.17kB)
    Total RW  Size (RW Data + ZI Data)              3840 (   3.75kB)
    Total ROM Size (Code + RO Data + RW Data)      11624 (  11.35kB)

==============================================================================

